2026-01-09 21:56:23,045 | INFO | Starting Session in Mode: train
2026-01-09 21:56:38,572 | INFO | Meta-Agent initialized. Input Dim: 15 (Macros=6)
2026-01-09 21:56:38,950 | INFO | [TrainerRL] Loaded 576 weekly macro records.
2026-01-09 21:56:38,952 | INFO | [TrainerRL] Meta-Agent will use 6 macro features.
2026-01-09 21:56:38,954 | INFO | Found data for ticker: NSE_ABB
2026-01-09 21:56:38,955 | INFO | Found data for ticker: NSE_ADANIPORTS
2026-01-09 21:56:38,958 | INFO | Found data for ticker: NSE_ADANIPOWER
2026-01-09 21:56:38,959 | INFO | Found data for ticker: NSE_AMBUJACEM
2026-01-09 21:56:38,960 | INFO | Found data for ticker: NSE_ASIANPAINT
2026-01-09 21:56:38,961 | INFO | Found data for ticker: NSE_BAJAJ_AUTO
2026-01-09 21:56:38,962 | INFO | Found data for ticker: NSE_BEL
2026-01-09 21:56:38,963 | INFO | Found data for ticker: NSE_BHARTIARTL
2026-01-09 21:56:38,965 | INFO | Found data for ticker: NSE_CIPLA
2026-01-09 21:56:38,967 | INFO | Found data for ticker: NSE_DLF
2026-01-09 21:56:38,968 | INFO | Found data for ticker: NSE_GODREJCP
2026-01-09 21:56:38,970 | INFO | Found data for ticker: NSE_HDFCBANK
2026-01-09 21:56:38,972 | INFO | Found data for ticker: NSE_HINDUNILVR
2026-01-09 21:56:38,974 | INFO | Found data for ticker: NSE_ICICIBANK
2026-01-09 21:56:38,975 | INFO | Found data for ticker: NSE_INDHOTEL
2026-01-09 21:56:38,976 | INFO | Found data for ticker: NSE_INFY
2026-01-09 21:56:38,977 | INFO | Found data for ticker: NSE_JSWSTEEL
2026-01-09 21:56:38,978 | INFO | Found data for ticker: NSE_KOTAKBANK
2026-01-09 21:56:38,978 | INFO | Found data for ticker: NSE_LT
2026-01-09 21:56:38,979 | INFO | Found data for ticker: NSE_ONGC
2026-01-09 21:56:38,980 | INFO | Found data for ticker: NSE_PIDILITIND
2026-01-09 21:56:38,980 | INFO | Found data for ticker: NSE_RELIANCE
2026-01-09 21:56:38,981 | INFO | Found data for ticker: NSE_SBIN
2026-01-09 21:56:38,982 | INFO | Found data for ticker: NSE_SOLARINDS
2026-01-09 21:56:38,983 | INFO | Found data for ticker: NSE_SUNPHARMA
2026-01-09 21:56:38,983 | INFO | Found data for ticker: NSE_TATAPOWER
2026-01-09 21:56:38,984 | INFO | Found data for ticker: NSE_TCS
2026-01-09 21:56:38,986 | INFO | Found data for ticker: NSE_TITAN
2026-01-09 21:56:38,987 | INFO | Found data for ticker: NSE_TRENT
2026-01-09 21:56:38,988 | INFO | Found data for ticker: NSE_TVSMOTOR
2026-01-09 21:56:38,989 | INFO | Found data for ticker: NSE_ULTRACEMCO
2026-01-09 21:56:38,990 | INFO | Starting Data Stream...
2026-01-09 22:04:29,512 | INFO | Saved checkpoint to checkpoints\ckpt_step_500.pt
2026-01-09 22:05:42,135 | INFO | Training interrupted by user.
2026-01-09 22:05:42,158 | INFO | Saved checkpoint to checkpoints\ckpt_step_578.pt
2026-01-09 22:05:42,160 | INFO | Session Saved. Exiting.
