2026-05-05 22:40:54,949 | INFO | Starting Session in Mode: train
2026-05-05 22:40:54,949 | INFO | Random seed: 42
2026-05-05 22:40:57,669 | INFO | Meta-Agent initialized. Input Dim: 15 (Macros=6)
2026-05-05 22:40:57,859 | INFO | [TrainerRL] Loaded 623 weekly macro records.
2026-05-05 22:40:57,861 | INFO | Found data for ticker: ABB
2026-05-05 22:40:57,861 | INFO | Found data for ticker: ADANIENSOL
2026-05-05 22:40:57,862 | INFO | Found data for ticker: ADANIENT
2026-05-05 22:40:57,863 | INFO | Found data for ticker: ADANIGREEN
2026-05-05 22:40:57,863 | INFO | Found data for ticker: ADANIPORTS
2026-05-05 22:40:57,864 | INFO | Found data for ticker: ADANIPOWER
2026-05-05 22:40:57,864 | INFO | Found data for ticker: AMBUJACEM
2026-05-05 22:40:57,866 | INFO | Found data for ticker: APOLLOHOSP
2026-05-05 22:40:57,868 | INFO | Found data for ticker: ASIANPAINT
2026-05-05 22:40:57,870 | INFO | Found data for ticker: AXISBANK
2026-05-05 22:40:57,873 | INFO | Found data for ticker: BAJAJ-AUTO
2026-05-05 22:40:57,875 | INFO | Found data for ticker: BAJAJFINSV
2026-05-05 22:40:57,877 | INFO | Found data for ticker: BAJAJHFL
2026-05-05 22:40:57,878 | INFO | Found data for ticker: BAJAJHLDNG
2026-05-05 22:40:57,880 | INFO | Found data for ticker: BAJFINANCE
2026-05-05 22:40:57,882 | INFO | Found data for ticker: BANKBARODA
2026-05-05 22:40:57,885 | INFO | Found data for ticker: BEL
2026-05-05 22:40:57,887 | INFO | Found data for ticker: BHARTIARTL
2026-05-05 22:40:57,890 | INFO | Found data for ticker: BOSCHLTD
2026-05-05 22:40:57,892 | INFO | Found data for ticker: BPCL
2026-05-05 22:40:57,894 | INFO | Found data for ticker: BRITANNIA
2026-05-05 22:40:57,895 | INFO | Found data for ticker: CANBK
2026-05-05 22:40:57,896 | INFO | Found data for ticker: CGPOWER
2026-05-05 22:40:57,897 | INFO | Found data for ticker: CHOLAFIN
2026-05-05 22:40:57,897 | INFO | Found data for ticker: CIPLA
2026-05-05 22:40:57,899 | INFO | Found data for ticker: COALINDIA
2026-05-05 22:40:57,901 | INFO | Found data for ticker: DIVISLAB
2026-05-05 22:40:57,903 | INFO | Found data for ticker: DLF
2026-05-05 22:40:57,906 | INFO | Found data for ticker: DMART
2026-05-05 22:40:57,908 | INFO | Found data for ticker: DRREDDY
2026-05-05 22:40:57,910 | INFO | Found data for ticker: EICHERMOT
2026-05-05 22:40:57,911 | INFO | Found data for ticker: ENRIN
2026-05-05 22:40:57,913 | INFO | Found data for ticker: ETERNAL
2026-05-05 22:40:57,915 | INFO | Found data for ticker: GAIL
2026-05-05 22:40:57,917 | INFO | Found data for ticker: GODREJCP
2026-05-05 22:40:57,918 | INFO | Found data for ticker: GRASIM
2026-05-05 22:40:57,921 | INFO | Found data for ticker: HAL
2026-05-05 22:40:57,923 | INFO | Found data for ticker: HAVELLS
2026-05-05 22:40:57,926 | INFO | Found data for ticker: HCLTECH
2026-05-05 22:40:57,926 | INFO | Found data for ticker: HDFCBANK
2026-05-05 22:40:57,928 | INFO | Found data for ticker: HDFCLIFE
2026-05-05 22:40:57,929 | INFO | Found data for ticker: HINDALCO
2026-05-05 22:40:57,930 | INFO | Found data for ticker: HINDUNILVR
2026-05-05 22:40:57,931 | INFO | Found data for ticker: HINDZINC
2026-05-05 22:40:57,932 | INFO | Found data for ticker: HYUNDAI
2026-05-05 22:40:57,935 | INFO | Found data for ticker: ICICIBANK
2026-05-05 22:40:57,938 | INFO | Found data for ticker: ICICIGI
2026-05-05 22:40:57,941 | INFO | Found data for ticker: INDHOTEL
2026-05-05 22:40:57,943 | INFO | Found data for ticker: INDIGO
2026-05-05 22:40:57,945 | INFO | Found data for ticker: INFY
2026-05-05 22:40:57,947 | INFO | Found data for ticker: IOC
2026-05-05 22:40:57,947 | INFO | Found data for ticker: IRFC
2026-05-05 22:40:57,949 | INFO | Found data for ticker: ITC
2026-05-05 22:40:57,951 | INFO | Found data for ticker: JINDALSTEL
2026-05-05 22:40:57,953 | INFO | Found data for ticker: JIOFIN
2026-05-05 22:40:57,955 | INFO | Found data for ticker: JSWENERGY
2026-05-05 22:40:57,956 | INFO | Found data for ticker: JSWSTEEL
2026-05-05 22:40:57,958 | INFO | Found data for ticker: KOTAKBANK
2026-05-05 22:40:57,961 | INFO | Found data for ticker: LICI
2026-05-05 22:40:57,963 | INFO | Found data for ticker: LODHA
2026-05-05 22:40:57,964 | INFO | Found data for ticker: LT
2026-05-05 22:40:57,965 | INFO | Found data for ticker: M&M
2026-05-05 22:40:57,965 | INFO | Found data for ticker: MARUTI
2026-05-05 22:40:57,967 | INFO | Found data for ticker: MAXHEALTH
2026-05-05 22:40:57,970 | INFO | Found data for ticker: MAZDOCK
2026-05-05 22:40:57,973 | INFO | Found data for ticker: MOTHERSON
2026-05-05 22:40:57,975 | INFO | Found data for ticker: NAUKRI
2026-05-05 22:40:57,977 | INFO | Found data for ticker: NESTLEIND
2026-05-05 22:40:57,979 | INFO | Found data for ticker: NTPC
2026-05-05 22:40:57,980 | INFO | Found data for ticker: ONGC
2026-05-05 22:40:57,982 | INFO | Found data for ticker: PFC
2026-05-05 22:40:57,983 | INFO | Found data for ticker: PIDILITIND
2026-05-05 22:40:57,984 | INFO | Found data for ticker: PNB
2026-05-05 22:40:57,987 | INFO | Found data for ticker: POWERGRID
2026-05-05 22:40:57,990 | INFO | Found data for ticker: RECLTD
2026-05-05 22:40:57,992 | INFO | Found data for ticker: RELIANCE
2026-05-05 22:40:57,993 | INFO | Found data for ticker: SBILIFE
2026-05-05 22:40:57,994 | INFO | Found data for ticker: SBIN
2026-05-05 22:40:57,996 | INFO | Found data for ticker: SHREECEM
2026-05-05 22:40:57,998 | INFO | Found data for ticker: SHRIRAMFIN
2026-05-05 22:40:58,001 | INFO | Found data for ticker: SIEMENS
2026-05-05 22:40:58,004 | INFO | Found data for ticker: SOLARINDS
2026-05-05 22:40:58,006 | INFO | Found data for ticker: SUNPHARMA
2026-05-05 22:40:58,008 | INFO | Found data for ticker: TATACONSUM
2026-05-05 22:40:58,010 | INFO | Found data for ticker: TATAPOWER
2026-05-05 22:40:58,012 | INFO | Found data for ticker: TATASTEEL
2026-05-05 22:40:58,014 | INFO | Found data for ticker: TCS
2026-05-05 22:40:58,014 | INFO | Found data for ticker: TECHM
2026-05-05 22:40:58,016 | INFO | Found data for ticker: TITAN
2026-05-05 22:40:58,017 | INFO | Found data for ticker: TMPV
2026-05-05 22:40:58,018 | INFO | Found data for ticker: TORNTPHARM
2026-05-05 22:40:58,018 | INFO | Found data for ticker: TRENT
2026-05-05 22:40:58,019 | INFO | Found data for ticker: TVSMOTOR
2026-05-05 22:40:58,021 | INFO | Found data for ticker: ULTRACEMCO
2026-05-05 22:40:58,023 | INFO | Found data for ticker: UNITDSPR
2026-05-05 22:40:58,023 | INFO | Found data for ticker: VBL
2026-05-05 22:40:58,025 | INFO | Found data for ticker: VEDL
2026-05-05 22:40:58,025 | INFO | Found data for ticker: WIPRO
2026-05-05 22:40:58,027 | INFO | Found data for ticker: ZYDUSLIFE
2026-05-05 22:40:58,028 | INFO | Starting Data Stream...
2026-05-05 22:41:02,659 | INFO | [Phase Switch] TRAIN phase starting at 2015-07-06
2026-05-05 22:59:16,912 | INFO | Saved checkpoint to logs\run_20260505_224054\checkpoints\ckpt_step_500.pt
2026-05-05 23:21:01,084 | INFO | Saved checkpoint to logs\run_20260505_224054\checkpoints\ckpt_step_1000.pt
2026-05-05 23:44:51,816 | INFO | [Phase Switch] TEST phase starting at 2021-07-01
2026-05-05 23:45:36,507 | INFO | Saved checkpoint to logs\run_20260505_224054\checkpoints\ckpt_step_1500.pt
2026-05-06 00:06:21,144 | INFO | Saved checkpoint to logs\run_20260505_224054\checkpoints\ckpt_step_2000.pt
2026-05-06 00:20:42,639 | INFO | Saved checkpoint to logs\run_20260505_224054\checkpoints\ckpt_step_2500.pt
2026-05-06 00:25:03,794 | INFO | Reached configured test_end_date (2026-04-30). Stopping.
2026-05-06 00:25:04,972 | INFO | Saved checkpoint to logs\run_20260505_224054\checkpoints\ckpt_step_2671.pt
2026-05-06 00:25:04,975 | INFO | Session Saved. Exiting.
