2025-11-24 23:17:15,966 | INFO | Starting Session in Mode: smoke
2025-11-24 23:17:17,671 | INFO | Meta-Agent initialized. Input Dim: 15 (Macros=6)
2025-11-24 23:17:17,729 | INFO | Loaded 576 weekly macro records.
2025-11-24 23:17:17,729 | INFO | Found data for ticker: NSE_ABB
2025-11-24 23:17:17,731 | INFO | Found data for ticker: NSE_ADANIPORTS
2025-11-24 23:17:17,732 | INFO | Found data for ticker: NSE_ADANIPOWER
2025-11-24 23:17:17,733 | INFO | Found data for ticker: NSE_AMBUJACEM
2025-11-24 23:17:17,733 | INFO | Found data for ticker: NSE_ASIANPAINT
2025-11-24 23:17:17,734 | INFO | Found data for ticker: NSE_BAJAJ_AUTO
2025-11-24 23:17:17,734 | INFO | Found data for ticker: NSE_BEL
2025-11-24 23:17:17,734 | INFO | Found data for ticker: NSE_BHARTIARTL
2025-11-24 23:17:17,735 | INFO | Found data for ticker: NSE_CIPLA
2025-11-24 23:17:17,736 | INFO | Found data for ticker: NSE_DLF
2025-11-24 23:17:17,736 | INFO | Found data for ticker: NSE_GODREJCP
2025-11-24 23:17:17,736 | INFO | Found data for ticker: NSE_HDFCBANK
2025-11-24 23:17:17,737 | INFO | Found data for ticker: NSE_HINDUNILVR
2025-11-24 23:17:17,737 | INFO | Found data for ticker: NSE_ICICIBANK
2025-11-24 23:17:17,738 | INFO | Found data for ticker: NSE_INDHOTEL
2025-11-24 23:17:17,738 | INFO | Found data for ticker: NSE_INFY
2025-11-24 23:17:17,739 | INFO | Found data for ticker: NSE_JSWSTEEL
2025-11-24 23:17:17,739 | INFO | Found data for ticker: NSE_KOTAKBANK
2025-11-24 23:17:17,740 | INFO | Found data for ticker: NSE_LT
2025-11-24 23:17:17,740 | INFO | Found data for ticker: NSE_ONGC
2025-11-24 23:17:17,742 | INFO | Found data for ticker: NSE_PIDILITIND
2025-11-24 23:17:17,742 | INFO | Found data for ticker: NSE_RELIANCE
2025-11-24 23:17:17,743 | INFO | Found data for ticker: NSE_SBIN
2025-11-24 23:17:17,743 | INFO | Found data for ticker: NSE_SOLARINDS
2025-11-24 23:17:17,743 | INFO | Found data for ticker: NSE_SUNPHARMA
2025-11-24 23:17:17,744 | INFO | Found data for ticker: NSE_TATAPOWER
2025-11-24 23:17:17,744 | INFO | Found data for ticker: NSE_TCS
2025-11-24 23:17:17,745 | INFO | Found data for ticker: NSE_TITAN
2025-11-24 23:17:17,746 | INFO | Found data for ticker: NSE_TRENT
2025-11-24 23:17:17,747 | INFO | Found data for ticker: NSE_TVSMOTOR
2025-11-24 23:17:17,748 | INFO | Found data for ticker: NSE_ULTRACEMCO
2025-11-24 23:17:17,749 | INFO | Starting Data Stream...
2025-11-24 23:17:19,288 | ERROR | Training crashed: mat1 and mat2 shapes cannot be multiplied (1x9 and 15x128)
2025-11-24 23:17:19,295 | INFO | Saved checkpoint to checkpoints\ckpt_step_0.pt
2025-11-24 23:17:19,296 | INFO | Session Saved. Exiting.
