2026-03-13 03:04:36,074 | INFO | Starting Session in Mode: train
2026-03-13 03:04:40,311 | INFO | Meta-Agent initialized. Input Dim: 15 (Macros=6)
2026-03-13 03:04:40,562 | INFO | [TrainerRL] Loaded 576 weekly macro records.
2026-03-13 03:04:40,564 | INFO | Found data for ticker: 360ONE
2026-03-13 03:04:40,565 | INFO | Found data for ticker: ABB
2026-03-13 03:04:40,566 | INFO | Found data for ticker: ACC
2026-03-13 03:04:40,566 | INFO | Found data for ticker: APLAPOLLO
2026-03-13 03:04:40,566 | INFO | Found data for ticker: AUBANK
2026-03-13 03:04:40,567 | INFO | Found data for ticker: ADANIENSOL
2026-03-13 03:04:40,568 | INFO | Found data for ticker: ADANIENT
2026-03-13 03:04:40,568 | INFO | Found data for ticker: ADANIGREEN
2026-03-13 03:04:40,569 | INFO | Found data for ticker: ADANIPORTS
2026-03-13 03:04:40,569 | INFO | Found data for ticker: ADANIPOWER
2026-03-13 03:04:40,570 | INFO | Found data for ticker: ATGL
2026-03-13 03:04:40,570 | INFO | Found data for ticker: ABCAPITAL
2026-03-13 03:04:40,570 | INFO | Found data for ticker: ALKEM
2026-03-13 03:04:40,571 | INFO | Found data for ticker: AMBUJACEM
2026-03-13 03:04:40,572 | INFO | Found data for ticker: APOLLOHOSP
2026-03-13 03:04:40,573 | INFO | Found data for ticker: ASHOKLEY
2026-03-13 03:04:40,573 | INFO | Found data for ticker: ASIANPAINT
2026-03-13 03:04:40,574 | INFO | Found data for ticker: ASTRAL
2026-03-13 03:04:40,574 | INFO | Found data for ticker: AUROPHARMA
2026-03-13 03:04:40,574 | INFO | Found data for ticker: DMART
2026-03-13 03:04:40,575 | INFO | Found data for ticker: AXISBANK
2026-03-13 03:04:40,575 | INFO | Found data for ticker: BSE
2026-03-13 03:04:40,575 | INFO | Found data for ticker: BAJAJ-AUTO
2026-03-13 03:04:40,576 | INFO | Found data for ticker: BAJFINANCE
2026-03-13 03:04:40,577 | INFO | Found data for ticker: BAJAJFINSV
2026-03-13 03:04:40,577 | INFO | Found data for ticker: BAJAJHLDNG
2026-03-13 03:04:40,578 | INFO | Found data for ticker: BAJAJHFL
2026-03-13 03:04:40,579 | INFO | Found data for ticker: BANKBARODA
2026-03-13 03:04:40,580 | INFO | Found data for ticker: BANKINDIA
2026-03-13 03:04:40,581 | INFO | Found data for ticker: BDL
2026-03-13 03:04:40,582 | INFO | Found data for ticker: BEL
2026-03-13 03:04:40,584 | INFO | Found data for ticker: BHARATFORG
2026-03-13 03:04:40,584 | INFO | Found data for ticker: BHEL
2026-03-13 03:04:40,585 | INFO | Found data for ticker: BPCL
2026-03-13 03:04:40,587 | INFO | Found data for ticker: BHARTIARTL
2026-03-13 03:04:40,587 | INFO | Found data for ticker: BHARTIHEXA
2026-03-13 03:04:40,588 | INFO | Found data for ticker: BIOCON
2026-03-13 03:04:40,588 | INFO | Found data for ticker: BLUESTARCO
2026-03-13 03:04:40,589 | INFO | Found data for ticker: BOSCHLTD
2026-03-13 03:04:40,590 | INFO | Found data for ticker: BRITANNIA
2026-03-13 03:04:40,591 | INFO | Found data for ticker: CGPOWER
2026-03-13 03:04:40,592 | INFO | Found data for ticker: CANBK
2026-03-13 03:04:40,592 | INFO | Found data for ticker: CHOLAFIN
2026-03-13 03:04:40,594 | INFO | Found data for ticker: CIPLA
2026-03-13 03:04:40,594 | INFO | Found data for ticker: COALINDIA
2026-03-13 03:04:40,595 | INFO | Found data for ticker: COCHINSHIP
2026-03-13 03:04:40,596 | INFO | Found data for ticker: COFORGE
2026-03-13 03:04:40,597 | INFO | Found data for ticker: COLPAL
2026-03-13 03:04:40,598 | INFO | Found data for ticker: CONCOR
2026-03-13 03:04:40,599 | INFO | Found data for ticker: COROMANDEL
2026-03-13 03:04:40,600 | INFO | Found data for ticker: CUMMINSIND
2026-03-13 03:04:40,601 | INFO | Found data for ticker: DLF
2026-03-13 03:04:40,602 | INFO | Found data for ticker: DABUR
2026-03-13 03:04:40,604 | INFO | Found data for ticker: DIVISLAB
2026-03-13 03:04:40,605 | INFO | Found data for ticker: DIXON
2026-03-13 03:04:40,606 | INFO | Found data for ticker: DRREDDY
2026-03-13 03:04:40,607 | INFO | Found data for ticker: EICHERMOT
2026-03-13 03:04:40,608 | INFO | Found data for ticker: ETERNAL
2026-03-13 03:04:40,608 | INFO | Found data for ticker: EXIDEIND
2026-03-13 03:04:40,609 | INFO | Found data for ticker: NYKAA
2026-03-13 03:04:40,610 | INFO | Found data for ticker: FEDERALBNK
2026-03-13 03:04:40,610 | INFO | Found data for ticker: FORTIS
2026-03-13 03:04:40,611 | INFO | Found data for ticker: GAIL
2026-03-13 03:04:40,612 | INFO | Found data for ticker: GMRAIRPORT
2026-03-13 03:04:40,612 | INFO | Found data for ticker: GLENMARK
2026-03-13 03:04:40,614 | INFO | Found data for ticker: GODFRYPHLP
2026-03-13 03:04:40,615 | INFO | Found data for ticker: GODREJCP
2026-03-13 03:04:40,616 | INFO | Found data for ticker: GODREJPROP
2026-03-13 03:04:40,618 | INFO | Found data for ticker: GRASIM
2026-03-13 03:04:40,619 | INFO | Found data for ticker: HCLTECH
2026-03-13 03:04:40,619 | INFO | Found data for ticker: HDFCAMC
2026-03-13 03:04:40,619 | INFO | Found data for ticker: HDFCBANK
2026-03-13 03:04:40,620 | INFO | Found data for ticker: HDFCLIFE
2026-03-13 03:04:40,620 | INFO | Found data for ticker: HAVELLS
2026-03-13 03:04:40,620 | INFO | Found data for ticker: HEROMOTOCO
2026-03-13 03:04:40,620 | INFO | Found data for ticker: HINDALCO
2026-03-13 03:04:40,621 | INFO | Found data for ticker: HAL
2026-03-13 03:04:40,622 | INFO | Found data for ticker: HINDPETRO
2026-03-13 03:04:40,622 | INFO | Found data for ticker: HINDUNILVR
2026-03-13 03:04:40,623 | INFO | Found data for ticker: HINDZINC
2026-03-13 03:04:40,623 | INFO | Found data for ticker: POWERINDIA
2026-03-13 03:04:40,623 | INFO | Found data for ticker: HUDCO
2026-03-13 03:04:40,624 | INFO | Found data for ticker: HYUNDAI
2026-03-13 03:04:40,625 | INFO | Found data for ticker: ICICIBANK
2026-03-13 03:04:40,625 | INFO | Found data for ticker: ICICIGI
2026-03-13 03:04:40,627 | INFO | Found data for ticker: IDFCFIRSTB
2026-03-13 03:04:40,628 | INFO | Found data for ticker: IRB
2026-03-13 03:04:40,628 | INFO | Found data for ticker: ITCHOTELS
2026-03-13 03:04:40,629 | INFO | Found data for ticker: ITC
2026-03-13 03:04:40,630 | INFO | Found data for ticker: INDIANB
2026-03-13 03:04:40,631 | INFO | Found data for ticker: INDHOTEL
2026-03-13 03:04:40,631 | INFO | Found data for ticker: IOC
2026-03-13 03:04:40,632 | INFO | Found data for ticker: IRCTC
2026-03-13 03:04:40,632 | INFO | Found data for ticker: IRFC
2026-03-13 03:04:40,633 | INFO | Found data for ticker: IREDA
2026-03-13 03:04:40,633 | INFO | Found data for ticker: IGL
2026-03-13 03:04:40,634 | INFO | Found data for ticker: INDUSTOWER
2026-03-13 03:04:40,634 | INFO | Found data for ticker: INDUSINDBK
2026-03-13 03:04:40,635 | INFO | Found data for ticker: NAUKRI
2026-03-13 03:04:40,636 | INFO | Found data for ticker: INFY
2026-03-13 03:04:40,636 | INFO | Found data for ticker: INDIGO
2026-03-13 03:04:40,637 | INFO | Found data for ticker: JSWENERGY
2026-03-13 03:04:40,638 | INFO | Found data for ticker: JSWSTEEL
2026-03-13 03:04:40,638 | INFO | Found data for ticker: JINDALSTEL
2026-03-13 03:04:40,638 | INFO | Found data for ticker: JIOFIN
2026-03-13 03:04:40,639 | INFO | Found data for ticker: JUBLFOOD
2026-03-13 03:04:40,639 | INFO | Found data for ticker: KEI
2026-03-13 03:04:40,640 | INFO | Found data for ticker: KPITTECH
2026-03-13 03:04:40,640 | INFO | Found data for ticker: KALYANKJIL
2026-03-13 03:04:40,640 | INFO | Found data for ticker: KOTAKBANK
2026-03-13 03:04:40,640 | INFO | Found data for ticker: LTF
2026-03-13 03:04:40,640 | INFO | Found data for ticker: LICHSGFIN
2026-03-13 03:04:40,640 | INFO | Found data for ticker: LT
2026-03-13 03:04:40,640 | INFO | Found data for ticker: LICI
2026-03-13 03:04:40,641 | INFO | Found data for ticker: LODHA
2026-03-13 03:04:40,642 | INFO | Found data for ticker: LUPIN
2026-03-13 03:04:40,644 | INFO | Found data for ticker: MRF
2026-03-13 03:04:40,646 | INFO | Found data for ticker: M&MFIN
2026-03-13 03:04:40,647 | INFO | Found data for ticker: M&M
2026-03-13 03:04:40,647 | INFO | Found data for ticker: MANKIND
2026-03-13 03:04:40,648 | INFO | Found data for ticker: MARICO
2026-03-13 03:04:40,648 | INFO | Found data for ticker: MARUTI
2026-03-13 03:04:40,648 | INFO | Found data for ticker: MFSL
2026-03-13 03:04:40,649 | INFO | Found data for ticker: MAXHEALTH
2026-03-13 03:04:40,650 | INFO | Found data for ticker: MAZDOCK
2026-03-13 03:04:40,650 | INFO | Found data for ticker: MOTILALOFS
2026-03-13 03:04:40,650 | INFO | Found data for ticker: MPHASIS
2026-03-13 03:04:40,651 | INFO | Found data for ticker: MUTHOOTFIN
2026-03-13 03:04:40,651 | INFO | Found data for ticker: NHPC
2026-03-13 03:04:40,652 | INFO | Found data for ticker: NMDC
2026-03-13 03:04:40,652 | INFO | Found data for ticker: NTPCGREEN
2026-03-13 03:04:40,652 | INFO | Found data for ticker: NTPC
2026-03-13 03:04:40,652 | INFO | Found data for ticker: NATIONALUM
2026-03-13 03:04:40,653 | INFO | Found data for ticker: NESTLEIND
2026-03-13 03:04:40,653 | INFO | Found data for ticker: OBEROIRLTY
2026-03-13 03:04:40,654 | INFO | Found data for ticker: ONGC
2026-03-13 03:04:40,654 | INFO | Found data for ticker: OIL
2026-03-13 03:04:40,654 | INFO | Found data for ticker: PAYTM
2026-03-13 03:04:40,655 | INFO | Found data for ticker: OFSS
2026-03-13 03:04:40,655 | INFO | Found data for ticker: POLICYBZR
2026-03-13 03:04:40,655 | INFO | Found data for ticker: PIIND
2026-03-13 03:04:40,656 | INFO | Found data for ticker: PAGEIND
2026-03-13 03:04:40,656 | INFO | Found data for ticker: PATANJALI
2026-03-13 03:04:40,656 | INFO | Found data for ticker: PERSISTENT
2026-03-13 03:04:40,657 | INFO | Found data for ticker: PHOENIXLTD
2026-03-13 03:04:40,657 | INFO | Found data for ticker: PIDILITIND
2026-03-13 03:04:40,657 | INFO | Found data for ticker: POLYCAB
2026-03-13 03:04:40,657 | INFO | Found data for ticker: PFC
2026-03-13 03:04:40,658 | INFO | Found data for ticker: POWERGRID
2026-03-13 03:04:40,659 | INFO | Found data for ticker: PREMIERENE
2026-03-13 03:04:40,661 | INFO | Found data for ticker: PRESTIGE
2026-03-13 03:04:40,663 | INFO | Found data for ticker: PNB
2026-03-13 03:04:40,663 | INFO | Found data for ticker: RECLTD
2026-03-13 03:04:40,664 | INFO | Found data for ticker: RVNL
2026-03-13 03:04:40,664 | INFO | Found data for ticker: RELIANCE
2026-03-13 03:04:40,664 | INFO | Found data for ticker: SBICARD
2026-03-13 03:04:40,665 | INFO | Found data for ticker: SBILIFE
2026-03-13 03:04:40,665 | INFO | Found data for ticker: SRF
2026-03-13 03:04:40,666 | INFO | Found data for ticker: MOTHERSON
2026-03-13 03:04:40,667 | INFO | Found data for ticker: SHREECEM
2026-03-13 03:04:40,667 | INFO | Found data for ticker: SHRIRAMFIN
2026-03-13 03:04:40,667 | INFO | Found data for ticker: ENRIN
2026-03-13 03:04:40,668 | INFO | Found data for ticker: SIEMENS
2026-03-13 03:04:40,668 | INFO | Found data for ticker: SOLARINDS
2026-03-13 03:04:40,669 | INFO | Found data for ticker: SONACOMS
2026-03-13 03:04:40,669 | INFO | Found data for ticker: SBIN
2026-03-13 03:04:40,670 | INFO | Found data for ticker: SAIL
2026-03-13 03:04:40,671 | INFO | Found data for ticker: SUNPHARMA
2026-03-13 03:04:40,672 | INFO | Found data for ticker: SUPREMEIND
2026-03-13 03:04:40,672 | INFO | Found data for ticker: SUZLON
2026-03-13 03:04:40,673 | INFO | Found data for ticker: SWIGGY
2026-03-13 03:04:40,673 | INFO | Found data for ticker: TVSMOTOR
2026-03-13 03:04:40,673 | INFO | Found data for ticker: TATACOMM
2026-03-13 03:04:40,674 | INFO | Found data for ticker: TCS
2026-03-13 03:04:40,675 | INFO | Found data for ticker: TATACONSUM
2026-03-13 03:04:40,676 | INFO | Found data for ticker: TATAELXSI
2026-03-13 03:04:40,677 | INFO | Found data for ticker: TMPV
2026-03-13 03:04:40,678 | INFO | Found data for ticker: TATAPOWER
2026-03-13 03:04:40,679 | INFO | Found data for ticker: TATASTEEL
2026-03-13 03:04:40,680 | INFO | Found data for ticker: TATATECH
2026-03-13 03:04:40,681 | INFO | Found data for ticker: TECHM
2026-03-13 03:04:40,681 | INFO | Found data for ticker: TITAN
2026-03-13 03:04:40,682 | INFO | Found data for ticker: TORNTPHARM
2026-03-13 03:04:40,683 | INFO | Found data for ticker: TORNTPOWER
2026-03-13 03:04:40,683 | INFO | Found data for ticker: TRENT
2026-03-13 03:04:40,684 | INFO | Found data for ticker: TIINDIA
2026-03-13 03:04:40,684 | INFO | Found data for ticker: UPL
2026-03-13 03:04:40,684 | INFO | Found data for ticker: ULTRACEMCO
2026-03-13 03:04:40,684 | INFO | Found data for ticker: UNIONBANK
2026-03-13 03:04:40,684 | INFO | Found data for ticker: UNITDSPR
2026-03-13 03:04:40,685 | INFO | Found data for ticker: VBL
2026-03-13 03:04:40,685 | INFO | Found data for ticker: VEDL
2026-03-13 03:04:40,685 | INFO | Found data for ticker: VMM
2026-03-13 03:04:40,685 | INFO | Found data for ticker: IDEA
2026-03-13 03:04:40,686 | INFO | Found data for ticker: VOLTAS
2026-03-13 03:04:40,687 | INFO | Found data for ticker: WAAREEENER
2026-03-13 03:04:40,687 | INFO | Found data for ticker: WIPRO
2026-03-13 03:04:40,688 | INFO | Found data for ticker: YESBANK
2026-03-13 03:04:40,688 | INFO | Found data for ticker: ZYDUSLIFE
2026-03-13 03:04:40,689 | INFO | Starting Data Stream...
2026-03-13 03:04:46,745 | INFO | [Phase Switch] TRAIN phase starting at 2015-07-06
2026-03-13 03:14:32,486 | INFO | Saved checkpoint to checkpoints\ckpt_step_500.pt
2026-03-13 03:24:22,595 | INFO | Saved checkpoint to checkpoints\ckpt_step_1000.pt
2026-03-13 03:34:27,658 | INFO | Saved checkpoint to checkpoints\ckpt_step_1500.pt
2026-03-13 03:36:37,285 | INFO | [Phase Switch] TEST phase starting at 2022-01-03
2026-03-13 03:42:57,417 | INFO | Saved checkpoint to checkpoints\ckpt_step_2000.pt
2026-03-13 03:51:36,610 | INFO | Saved checkpoint to checkpoints\ckpt_step_2500.pt
2026-03-13 05:33:01,628 | INFO | Reached configured test_end_date (2025-10-31). Stopping.
2026-03-13 05:33:02,262 | INFO | Saved checkpoint to checkpoints\ckpt_step_2550.pt
2026-03-13 05:33:02,264 | INFO | Session Saved. Exiting.
