2026-05-02 08:10:04,818 | INFO | Starting Session in Mode: train
2026-05-02 08:11:12,734 | INFO | Meta-Agent initialized. Input Dim: 15 (Macros=6)
2026-05-02 08:11:15,554 | INFO | [TrainerRL] Loaded 576 weekly macro records.
2026-05-02 08:11:15,571 | INFO | Found data for ticker: 360ONE
2026-05-02 08:11:15,578 | INFO | Found data for ticker: ABB
2026-05-02 08:11:15,584 | INFO | Found data for ticker: ACC
2026-05-02 08:11:15,590 | INFO | Found data for ticker: APLAPOLLO
2026-05-02 08:11:15,605 | INFO | Found data for ticker: AUBANK
2026-05-02 08:11:15,699 | INFO | Found data for ticker: ADANIENSOL
2026-05-02 08:11:15,700 | INFO | Found data for ticker: ADANIENT
2026-05-02 08:11:15,701 | INFO | Found data for ticker: ADANIGREEN
2026-05-02 08:11:15,890 | INFO | Found data for ticker: ADANIPORTS
2026-05-02 08:11:15,891 | INFO | Found data for ticker: ADANIPOWER
2026-05-02 08:11:15,893 | INFO | Found data for ticker: ATGL
2026-05-02 08:11:15,894 | INFO | Found data for ticker: ABCAPITAL
2026-05-02 08:11:15,945 | INFO | Found data for ticker: ALKEM
2026-05-02 08:11:15,946 | INFO | Found data for ticker: AMBUJACEM
2026-05-02 08:11:15,947 | INFO | Found data for ticker: APOLLOHOSP
2026-05-02 08:11:15,947 | INFO | Found data for ticker: ASHOKLEY
2026-05-02 08:11:15,947 | INFO | Found data for ticker: ASIANPAINT
2026-05-02 08:11:16,011 | INFO | Found data for ticker: ASTRAL
2026-05-02 08:11:16,012 | INFO | Found data for ticker: AUROPHARMA
2026-05-02 08:11:16,013 | INFO | Found data for ticker: DMART
2026-05-02 08:11:16,014 | INFO | Found data for ticker: AXISBANK
2026-05-02 08:11:16,014 | INFO | Found data for ticker: BSE
2026-05-02 08:11:16,015 | INFO | Found data for ticker: BAJAJ-AUTO
2026-05-02 08:11:16,015 | INFO | Found data for ticker: BAJFINANCE
2026-05-02 08:11:16,015 | INFO | Found data for ticker: BAJAJFINSV
2026-05-02 08:11:16,015 | INFO | Found data for ticker: BAJAJHLDNG
2026-05-02 08:11:16,015 | INFO | Found data for ticker: BAJAJHFL
2026-05-02 08:11:16,015 | INFO | Found data for ticker: BANKBARODA
2026-05-02 08:11:16,016 | INFO | Found data for ticker: BANKINDIA
2026-05-02 08:11:16,050 | INFO | Found data for ticker: BDL
2026-05-02 08:11:16,051 | INFO | Found data for ticker: BEL
2026-05-02 08:11:16,052 | INFO | Found data for ticker: BHARATFORG
2026-05-02 08:11:16,052 | INFO | Found data for ticker: BHEL
2026-05-02 08:11:16,104 | INFO | Found data for ticker: BPCL
2026-05-02 08:11:16,137 | INFO | Found data for ticker: BHARTIARTL
2026-05-02 08:11:16,138 | INFO | Found data for ticker: BHARTIHEXA
2026-05-02 08:11:16,239 | INFO | Found data for ticker: BIOCON
2026-05-02 08:11:16,270 | INFO | Found data for ticker: BLUESTARCO
2026-05-02 08:11:16,369 | INFO | Found data for ticker: BOSCHLTD
2026-05-02 08:11:16,373 | INFO | Found data for ticker: BRITANNIA
2026-05-02 08:11:16,407 | INFO | Found data for ticker: CGPOWER
2026-05-02 08:11:16,498 | INFO | Found data for ticker: CANBK
2026-05-02 08:11:16,500 | INFO | Found data for ticker: CHOLAFIN
2026-05-02 08:11:16,529 | INFO | Found data for ticker: CIPLA
2026-05-02 08:11:16,531 | INFO | Found data for ticker: COALINDIA
2026-05-02 08:11:16,532 | INFO | Found data for ticker: COCHINSHIP
2026-05-02 08:11:16,534 | INFO | Found data for ticker: COFORGE
2026-05-02 08:11:16,591 | INFO | Found data for ticker: COLPAL
2026-05-02 08:11:16,630 | INFO | Found data for ticker: CONCOR
2026-05-02 08:11:16,633 | INFO | Found data for ticker: COROMANDEL
2026-05-02 08:11:16,696 | INFO | Found data for ticker: CUMMINSIND
2026-05-02 08:11:16,741 | INFO | Found data for ticker: DLF
2026-05-02 08:11:16,742 | INFO | Found data for ticker: DABUR
2026-05-02 08:11:16,744 | INFO | Found data for ticker: DIVISLAB
2026-05-02 08:11:16,745 | INFO | Found data for ticker: DIXON
2026-05-02 08:11:16,746 | INFO | Found data for ticker: DRREDDY
2026-05-02 08:11:16,747 | INFO | Found data for ticker: EICHERMOT
2026-05-02 08:11:16,748 | INFO | Found data for ticker: ETERNAL
2026-05-02 08:11:16,748 | INFO | Found data for ticker: EXIDEIND
2026-05-02 08:11:16,749 | INFO | Found data for ticker: NYKAA
2026-05-02 08:11:16,791 | INFO | Found data for ticker: FEDERALBNK
2026-05-02 08:11:16,793 | INFO | Found data for ticker: FORTIS
2026-05-02 08:11:16,795 | INFO | Found data for ticker: GAIL
2026-05-02 08:11:16,796 | INFO | Found data for ticker: GMRAIRPORT
2026-05-02 08:11:16,838 | INFO | Found data for ticker: GLENMARK
2026-05-02 08:11:16,840 | INFO | Found data for ticker: GODFRYPHLP
2026-05-02 08:11:16,841 | INFO | Found data for ticker: GODREJCP
2026-05-02 08:11:16,843 | INFO | Found data for ticker: GODREJPROP
2026-05-02 08:11:16,900 | INFO | Found data for ticker: GRASIM
2026-05-02 08:11:16,902 | INFO | Found data for ticker: HCLTECH
2026-05-02 08:11:16,903 | INFO | Found data for ticker: HDFCAMC
2026-05-02 08:11:16,904 | INFO | Found data for ticker: HDFCBANK
2026-05-02 08:11:16,905 | INFO | Found data for ticker: HDFCLIFE
2026-05-02 08:11:16,906 | INFO | Found data for ticker: HAVELLS
2026-05-02 08:11:16,956 | INFO | Found data for ticker: HEROMOTOCO
2026-05-02 08:11:17,034 | INFO | Found data for ticker: HINDALCO
2026-05-02 08:11:17,036 | INFO | Found data for ticker: HAL
2026-05-02 08:11:17,040 | INFO | Found data for ticker: HINDPETRO
2026-05-02 08:11:17,041 | INFO | Found data for ticker: HINDUNILVR
2026-05-02 08:11:17,043 | INFO | Found data for ticker: HINDZINC
2026-05-02 08:11:17,044 | INFO | Found data for ticker: POWERINDIA
2026-05-02 08:11:17,045 | INFO | Found data for ticker: HUDCO
2026-05-02 08:11:17,100 | INFO | Found data for ticker: HYUNDAI
2026-05-02 08:11:17,140 | INFO | Found data for ticker: ICICIBANK
2026-05-02 08:11:17,144 | INFO | Found data for ticker: ICICIGI
2026-05-02 08:11:17,148 | INFO | Found data for ticker: IDFCFIRSTB
2026-05-02 08:11:17,154 | INFO | Found data for ticker: IRB
2026-05-02 08:11:17,161 | INFO | Found data for ticker: ITCHOTELS
2026-05-02 08:11:17,164 | INFO | Found data for ticker: ITC
2026-05-02 08:11:17,166 | INFO | Found data for ticker: INDIANB
2026-05-02 08:11:17,168 | INFO | Found data for ticker: INDHOTEL
2026-05-02 08:11:17,171 | INFO | Found data for ticker: IOC
2026-05-02 08:11:17,174 | INFO | Found data for ticker: IRCTC
2026-05-02 08:11:17,176 | INFO | Found data for ticker: IRFC
2026-05-02 08:11:17,178 | INFO | Found data for ticker: IREDA
2026-05-02 08:11:17,185 | INFO | Found data for ticker: IGL
2026-05-02 08:11:17,189 | INFO | Found data for ticker: INDUSTOWER
2026-05-02 08:11:17,226 | INFO | Found data for ticker: INDUSINDBK
2026-05-02 08:11:17,229 | INFO | Found data for ticker: NAUKRI
2026-05-02 08:11:17,234 | INFO | Found data for ticker: INFY
2026-05-02 08:11:17,240 | INFO | Found data for ticker: INDIGO
2026-05-02 08:11:17,246 | INFO | Found data for ticker: JSWENERGY
2026-05-02 08:11:17,256 | INFO | Found data for ticker: JSWSTEEL
2026-05-02 08:11:17,257 | INFO | Found data for ticker: JINDALSTEL
2026-05-02 08:11:17,261 | INFO | Found data for ticker: JIOFIN
2026-05-02 08:11:17,263 | INFO | Found data for ticker: JUBLFOOD
2026-05-02 08:11:17,265 | INFO | Found data for ticker: KEI
2026-05-02 08:11:17,266 | INFO | Found data for ticker: KPITTECH
2026-05-02 08:11:17,267 | INFO | Found data for ticker: KALYANKJIL
2026-05-02 08:11:17,268 | INFO | Found data for ticker: KOTAKBANK
2026-05-02 08:11:17,269 | INFO | Found data for ticker: LTF
2026-05-02 08:11:17,269 | INFO | Found data for ticker: LICHSGFIN
2026-05-02 08:11:17,271 | INFO | Found data for ticker: LT
2026-05-02 08:11:17,272 | INFO | Found data for ticker: LICI
2026-05-02 08:11:17,274 | INFO | Found data for ticker: LODHA
2026-05-02 08:11:17,277 | INFO | Found data for ticker: LUPIN
2026-05-02 08:11:17,279 | INFO | Found data for ticker: MRF
2026-05-02 08:11:17,280 | INFO | Found data for ticker: M&MFIN
2026-05-02 08:11:17,282 | INFO | Found data for ticker: M&M
2026-05-02 08:11:17,285 | INFO | Found data for ticker: MANKIND
2026-05-02 08:11:17,286 | INFO | Found data for ticker: MARICO
2026-05-02 08:11:17,297 | INFO | Found data for ticker: MARUTI
2026-05-02 08:11:17,298 | INFO | Found data for ticker: MFSL
2026-05-02 08:11:17,299 | INFO | Found data for ticker: MAXHEALTH
2026-05-02 08:11:17,300 | INFO | Found data for ticker: MAZDOCK
2026-05-02 08:11:17,301 | INFO | Found data for ticker: MOTILALOFS
2026-05-02 08:11:17,302 | INFO | Found data for ticker: MPHASIS
2026-05-02 08:11:17,303 | INFO | Found data for ticker: MUTHOOTFIN
2026-05-02 08:11:17,303 | INFO | Found data for ticker: NHPC
2026-05-02 08:11:17,305 | INFO | Found data for ticker: NMDC
2026-05-02 08:11:17,307 | INFO | Found data for ticker: NTPCGREEN
2026-05-02 08:11:17,310 | INFO | Found data for ticker: NTPC
2026-05-02 08:11:17,313 | INFO | Found data for ticker: NATIONALUM
2026-05-02 08:11:17,315 | INFO | Found data for ticker: NESTLEIND
2026-05-02 08:11:17,317 | INFO | Found data for ticker: OBEROIRLTY
2026-05-02 08:11:17,317 | INFO | Found data for ticker: ONGC
2026-05-02 08:11:17,317 | INFO | Found data for ticker: OIL
2026-05-02 08:11:17,318 | INFO | Found data for ticker: PAYTM
2026-05-02 08:11:17,318 | INFO | Found data for ticker: OFSS
2026-05-02 08:11:17,318 | INFO | Found data for ticker: POLICYBZR
2026-05-02 08:11:17,318 | INFO | Found data for ticker: PIIND
2026-05-02 08:11:17,319 | INFO | Found data for ticker: PAGEIND
2026-05-02 08:11:17,319 | INFO | Found data for ticker: PATANJALI
2026-05-02 08:11:17,320 | INFO | Found data for ticker: PERSISTENT
2026-05-02 08:11:17,320 | INFO | Found data for ticker: PHOENIXLTD
2026-05-02 08:11:17,322 | INFO | Found data for ticker: PIDILITIND
2026-05-02 08:11:17,325 | INFO | Found data for ticker: POLYCAB
2026-05-02 08:11:17,329 | INFO | Found data for ticker: PFC
2026-05-02 08:11:17,330 | INFO | Found data for ticker: POWERGRID
2026-05-02 08:11:17,331 | INFO | Found data for ticker: PREMIERENE
2026-05-02 08:11:17,331 | INFO | Found data for ticker: PRESTIGE
2026-05-02 08:11:17,331 | INFO | Found data for ticker: PNB
2026-05-02 08:11:17,333 | INFO | Found data for ticker: RECLTD
2026-05-02 08:11:17,334 | INFO | Found data for ticker: RVNL
2026-05-02 08:11:17,335 | INFO | Found data for ticker: RELIANCE
2026-05-02 08:11:17,336 | INFO | Found data for ticker: SBICARD
2026-05-02 08:11:17,337 | INFO | Found data for ticker: SBILIFE
2026-05-02 08:11:17,339 | INFO | Found data for ticker: SRF
2026-05-02 08:11:17,341 | INFO | Found data for ticker: MOTHERSON
2026-05-02 08:11:17,346 | INFO | Found data for ticker: SHREECEM
2026-05-02 08:11:17,347 | INFO | Found data for ticker: SHRIRAMFIN
2026-05-02 08:11:17,348 | INFO | Found data for ticker: ENRIN
2026-05-02 08:11:17,349 | INFO | Found data for ticker: SIEMENS
2026-05-02 08:11:17,349 | INFO | Found data for ticker: SOLARINDS
2026-05-02 08:11:17,350 | INFO | Found data for ticker: SONACOMS
2026-05-02 08:11:17,351 | INFO | Found data for ticker: SBIN
2026-05-02 08:11:17,353 | INFO | Found data for ticker: SAIL
2026-05-02 08:11:17,354 | INFO | Found data for ticker: SUNPHARMA
2026-05-02 08:11:17,354 | INFO | Found data for ticker: SUPREMEIND
2026-05-02 08:11:17,354 | INFO | Found data for ticker: SUZLON
2026-05-02 08:11:17,354 | INFO | Found data for ticker: SWIGGY
2026-05-02 08:11:17,355 | INFO | Found data for ticker: TVSMOTOR
2026-05-02 08:11:17,361 | INFO | Found data for ticker: TATACOMM
2026-05-02 08:11:17,366 | INFO | Found data for ticker: TCS
2026-05-02 08:11:17,367 | INFO | Found data for ticker: TATACONSUM
2026-05-02 08:11:17,369 | INFO | Found data for ticker: TATAELXSI
2026-05-02 08:11:17,370 | INFO | Found data for ticker: TMPV
2026-05-02 08:11:17,371 | INFO | Found data for ticker: TATAPOWER
2026-05-02 08:11:17,371 | INFO | Found data for ticker: TATASTEEL
2026-05-02 08:11:17,372 | INFO | Found data for ticker: TATATECH
2026-05-02 08:11:17,375 | INFO | Found data for ticker: TECHM
2026-05-02 08:11:17,376 | INFO | Found data for ticker: TITAN
2026-05-02 08:11:17,376 | INFO | Found data for ticker: TORNTPHARM
2026-05-02 08:11:17,378 | INFO | Found data for ticker: TORNTPOWER
2026-05-02 08:11:17,379 | INFO | Found data for ticker: TRENT
2026-05-02 08:11:17,380 | INFO | Found data for ticker: TIINDIA
2026-05-02 08:11:17,380 | INFO | Found data for ticker: UPL
2026-05-02 08:11:17,381 | INFO | Found data for ticker: ULTRACEMCO
2026-05-02 08:11:17,381 | INFO | Found data for ticker: UNIONBANK
2026-05-02 08:11:17,382 | INFO | Found data for ticker: UNITDSPR
2026-05-02 08:11:17,383 | INFO | Found data for ticker: VBL
2026-05-02 08:11:17,383 | INFO | Found data for ticker: VEDL
2026-05-02 08:11:17,384 | INFO | Found data for ticker: VMM
2026-05-02 08:11:17,384 | INFO | Found data for ticker: IDEA
2026-05-02 08:11:17,385 | INFO | Found data for ticker: VOLTAS
2026-05-02 08:11:17,385 | INFO | Found data for ticker: WAAREEENER
2026-05-02 08:11:17,385 | INFO | Found data for ticker: WIPRO
2026-05-02 08:11:17,385 | INFO | Found data for ticker: YESBANK
2026-05-02 08:11:17,386 | INFO | Found data for ticker: ZYDUSLIFE
2026-05-02 08:11:17,386 | INFO | Starting Data Stream...
2026-05-02 08:11:50,773 | INFO | [Phase Switch] TRAIN phase starting at 2015-07-06
2026-05-02 08:39:38,855 | INFO | Saved checkpoint to checkpoints\ckpt_step_500.pt
2026-05-02 09:00:01,104 | INFO | Saved checkpoint to checkpoints\ckpt_step_1000.pt
2026-05-02 09:20:32,401 | INFO | Saved checkpoint to checkpoints\ckpt_step_1500.pt
2026-05-02 09:25:24,811 | INFO | [Phase Switch] TEST phase starting at 2022-01-03
