2026-01-10 20:31:42,645 | INFO | Starting Session in Mode: train
2026-01-10 20:31:48,648 | INFO | Meta-Agent initialized. Input Dim: 15 (Macros=6)
2026-01-10 20:31:48,843 | INFO | [TrainerRL] Loaded 576 weekly macro records.
2026-01-10 20:31:48,844 | INFO | Found data for ticker: NSE_ABB
2026-01-10 20:31:48,845 | INFO | Found data for ticker: NSE_ADANIPORTS
2026-01-10 20:31:48,846 | INFO | Found data for ticker: NSE_ADANIPOWER
2026-01-10 20:31:48,847 | INFO | Found data for ticker: NSE_AMBUJACEM
2026-01-10 20:31:48,848 | INFO | Found data for ticker: NSE_ASIANPAINT
2026-01-10 20:31:48,848 | INFO | Found data for ticker: NSE_BAJAJ_AUTO
2026-01-10 20:31:48,849 | INFO | Found data for ticker: NSE_BEL
2026-01-10 20:31:48,849 | INFO | Found data for ticker: NSE_BHARTIARTL
2026-01-10 20:31:48,850 | INFO | Found data for ticker: NSE_CIPLA
2026-01-10 20:31:48,851 | INFO | Found data for ticker: NSE_DLF
2026-01-10 20:31:48,851 | INFO | Found data for ticker: NSE_GODREJCP
2026-01-10 20:31:48,851 | INFO | Found data for ticker: NSE_HDFCBANK
2026-01-10 20:31:48,851 | INFO | Found data for ticker: NSE_HINDUNILVR
2026-01-10 20:31:48,852 | INFO | Found data for ticker: NSE_ICICIBANK
2026-01-10 20:31:48,852 | INFO | Found data for ticker: NSE_INDHOTEL
2026-01-10 20:31:48,852 | INFO | Found data for ticker: NSE_INFY
2026-01-10 20:31:48,853 | INFO | Found data for ticker: NSE_JSWSTEEL
2026-01-10 20:31:48,853 | INFO | Found data for ticker: NSE_KOTAKBANK
2026-01-10 20:31:48,855 | INFO | Found data for ticker: NSE_LT
2026-01-10 20:31:48,857 | INFO | Found data for ticker: NSE_ONGC
2026-01-10 20:31:48,858 | INFO | Found data for ticker: NSE_PIDILITIND
2026-01-10 20:31:48,859 | INFO | Found data for ticker: NSE_RELIANCE
2026-01-10 20:31:48,861 | INFO | Found data for ticker: NSE_SBIN
2026-01-10 20:31:48,862 | INFO | Found data for ticker: NSE_SOLARINDS
2026-01-10 20:31:48,863 | INFO | Found data for ticker: NSE_SUNPHARMA
2026-01-10 20:31:48,864 | INFO | Found data for ticker: NSE_TATAPOWER
2026-01-10 20:31:48,865 | INFO | Found data for ticker: NSE_TCS
2026-01-10 20:31:48,866 | INFO | Found data for ticker: NSE_TITAN
2026-01-10 20:31:48,867 | INFO | Found data for ticker: NSE_TRENT
2026-01-10 20:31:48,868 | INFO | Found data for ticker: NSE_TVSMOTOR
2026-01-10 20:31:48,869 | INFO | Found data for ticker: NSE_ULTRACEMCO
2026-01-10 20:31:48,870 | INFO | Starting Data Stream...
2026-01-10 20:34:48,282 | INFO | Saved checkpoint to checkpoints\ckpt_step_500.pt
2026-01-10 20:38:23,429 | INFO | Saved checkpoint to checkpoints\ckpt_step_1000.pt
2026-01-10 20:43:57,618 | INFO | Saved checkpoint to checkpoints\ckpt_step_1500.pt
2026-01-10 20:48:11,972 | INFO | Saved checkpoint to checkpoints\ckpt_step_2000.pt
2026-01-10 20:52:42,541 | INFO | Saved checkpoint to checkpoints\ckpt_step_2500.pt
2026-01-10 20:52:45,788 | INFO | Saved checkpoint to checkpoints\ckpt_step_2506.pt
2026-01-10 20:52:45,789 | INFO | Session Saved. Exiting.
