2026-01-10 00:26:13,749 | INFO | Starting Session in Mode: train
2026-01-10 00:26:19,289 | INFO | Meta-Agent initialized. Input Dim: 15 (Macros=6)
2026-01-10 00:26:22,169 | INFO | [TrainerRL] Loaded 576 weekly macro records.
2026-01-10 00:26:22,171 | INFO | Found data for ticker: NSE_ABB
2026-01-10 00:26:22,172 | INFO | Found data for ticker: NSE_ADANIPORTS
2026-01-10 00:26:22,174 | INFO | Found data for ticker: NSE_ADANIPOWER
2026-01-10 00:26:22,174 | INFO | Found data for ticker: NSE_AMBUJACEM
2026-01-10 00:26:22,175 | INFO | Found data for ticker: NSE_ASIANPAINT
2026-01-10 00:26:22,177 | INFO | Found data for ticker: NSE_BAJAJ_AUTO
2026-01-10 00:26:22,179 | INFO | Found data for ticker: NSE_BEL
2026-01-10 00:26:22,181 | INFO | Found data for ticker: NSE_BHARTIARTL
2026-01-10 00:26:22,184 | INFO | Found data for ticker: NSE_CIPLA
2026-01-10 00:26:22,185 | INFO | Found data for ticker: NSE_DLF
2026-01-10 00:26:22,186 | INFO | Found data for ticker: NSE_GODREJCP
2026-01-10 00:26:22,188 | INFO | Found data for ticker: NSE_HDFCBANK
2026-01-10 00:26:22,189 | INFO | Found data for ticker: NSE_HINDUNILVR
2026-01-10 00:26:22,193 | INFO | Found data for ticker: NSE_ICICIBANK
2026-01-10 00:26:22,196 | INFO | Found data for ticker: NSE_INDHOTEL
2026-01-10 00:26:22,198 | INFO | Found data for ticker: NSE_INFY
2026-01-10 00:26:22,199 | INFO | Found data for ticker: NSE_JSWSTEEL
2026-01-10 00:26:22,200 | INFO | Found data for ticker: NSE_KOTAKBANK
2026-01-10 00:26:22,202 | INFO | Found data for ticker: NSE_LT
2026-01-10 00:26:22,205 | INFO | Found data for ticker: NSE_ONGC
2026-01-10 00:26:22,208 | INFO | Found data for ticker: NSE_PIDILITIND
2026-01-10 00:26:22,209 | INFO | Found data for ticker: NSE_RELIANCE
2026-01-10 00:26:22,210 | INFO | Found data for ticker: NSE_SBIN
2026-01-10 00:26:22,212 | INFO | Found data for ticker: NSE_SOLARINDS
2026-01-10 00:26:22,213 | INFO | Found data for ticker: NSE_SUNPHARMA
2026-01-10 00:26:22,216 | INFO | Found data for ticker: NSE_TATAPOWER
2026-01-10 00:26:22,217 | INFO | Found data for ticker: NSE_TCS
2026-01-10 00:26:22,220 | INFO | Found data for ticker: NSE_TITAN
2026-01-10 00:26:22,221 | INFO | Found data for ticker: NSE_TRENT
2026-01-10 00:26:22,222 | INFO | Found data for ticker: NSE_TVSMOTOR
2026-01-10 00:26:22,223 | INFO | Found data for ticker: NSE_ULTRACEMCO
2026-01-10 00:26:22,223 | INFO | Starting Data Stream...
2026-01-10 00:26:31,607 | ERROR | Training crashed: mat1 and mat2 shapes cannot be multiplied (32x2015 and 1950x512)
2026-01-10 00:26:31,695 | INFO | Saved checkpoint to checkpoints\ckpt_step_32.pt
2026-01-10 00:26:31,698 | INFO | Session Saved. Exiting.
