2026-05-06 06:37:20,132 | INFO | Starting Session in Mode: train
2026-05-06 06:37:20,132 | INFO | Random seed: 42
2026-05-06 06:37:23,556 | INFO | Meta-Agent initialized. Input Dim: 16 (Macros=6)
2026-05-06 06:37:23,836 | INFO | [TrainerRL] Loaded 623 weekly macro records.
2026-05-06 06:37:23,852 | INFO | Found data for ticker: ABB
2026-05-06 06:37:23,852 | INFO | Found data for ticker: ADANIENSOL
2026-05-06 06:37:23,852 | INFO | Found data for ticker: ADANIENT
2026-05-06 06:37:23,852 | INFO | Found data for ticker: ADANIGREEN
2026-05-06 06:37:23,852 | INFO | Found data for ticker: ADANIPORTS
2026-05-06 06:37:23,852 | INFO | Found data for ticker: ADANIPOWER
2026-05-06 06:37:23,852 | INFO | Found data for ticker: AMBUJACEM
2026-05-06 06:37:23,857 | INFO | Found data for ticker: APOLLOHOSP
2026-05-06 06:37:23,857 | INFO | Found data for ticker: ASIANPAINT
2026-05-06 06:37:23,857 | INFO | Found data for ticker: AXISBANK
2026-05-06 06:37:23,857 | INFO | Found data for ticker: BAJAJ-AUTO
2026-05-06 06:37:23,857 | INFO | Found data for ticker: BAJAJFINSV
2026-05-06 06:37:23,857 | INFO | Found data for ticker: BAJAJHFL
2026-05-06 06:37:23,857 | INFO | Found data for ticker: BAJAJHLDNG
2026-05-06 06:37:23,860 | INFO | Found data for ticker: BAJFINANCE
2026-05-06 06:37:23,860 | INFO | Found data for ticker: BANKBARODA
2026-05-06 06:37:23,860 | INFO | Found data for ticker: BEL
2026-05-06 06:37:23,862 | INFO | Found data for ticker: BHARTIARTL
2026-05-06 06:37:23,862 | INFO | Found data for ticker: BOSCHLTD
2026-05-06 06:37:23,862 | INFO | Found data for ticker: BPCL
2026-05-06 06:37:23,862 | INFO | Found data for ticker: BRITANNIA
2026-05-06 06:37:23,862 | INFO | Found data for ticker: CANBK
2026-05-06 06:37:23,864 | INFO | Found data for ticker: CGPOWER
2026-05-06 06:37:23,864 | INFO | Found data for ticker: CHOLAFIN
2026-05-06 06:37:23,864 | INFO | Found data for ticker: CIPLA
2026-05-06 06:37:23,866 | INFO | Found data for ticker: COALINDIA
2026-05-06 06:37:23,866 | INFO | Found data for ticker: DIVISLAB
2026-05-06 06:37:23,866 | INFO | Found data for ticker: DLF
2026-05-06 06:37:23,866 | INFO | Found data for ticker: DMART
2026-05-06 06:37:23,868 | INFO | Found data for ticker: DRREDDY
2026-05-06 06:37:23,868 | INFO | Found data for ticker: EICHERMOT
2026-05-06 06:37:23,868 | INFO | Found data for ticker: ENRIN
2026-05-06 06:37:23,868 | INFO | Found data for ticker: ETERNAL
2026-05-06 06:37:23,868 | INFO | Found data for ticker: GAIL
2026-05-06 06:37:23,871 | INFO | Found data for ticker: GODREJCP
2026-05-06 06:37:23,871 | INFO | Found data for ticker: GRASIM
2026-05-06 06:37:23,871 | INFO | Found data for ticker: HAL
2026-05-06 06:37:23,873 | INFO | Found data for ticker: HAVELLS
2026-05-06 06:37:23,873 | INFO | Found data for ticker: HCLTECH
2026-05-06 06:37:23,873 | INFO | Found data for ticker: HDFCBANK
2026-05-06 06:37:23,873 | INFO | Found data for ticker: HDFCLIFE
2026-05-06 06:37:23,875 | INFO | Found data for ticker: HINDALCO
2026-05-06 06:37:23,875 | INFO | Found data for ticker: HINDUNILVR
2026-05-06 06:37:23,875 | INFO | Found data for ticker: HINDZINC
2026-05-06 06:37:23,875 | INFO | Found data for ticker: HYUNDAI
2026-05-06 06:37:23,875 | INFO | Found data for ticker: ICICIBANK
2026-05-06 06:37:23,877 | INFO | Found data for ticker: ICICIGI
2026-05-06 06:37:23,877 | INFO | Found data for ticker: INDHOTEL
2026-05-06 06:37:23,877 | INFO | Found data for ticker: INDIGO
2026-05-06 06:37:23,877 | INFO | Found data for ticker: INFY
2026-05-06 06:37:23,877 | INFO | Found data for ticker: IOC
2026-05-06 06:37:23,877 | INFO | Found data for ticker: IRFC
2026-05-06 06:37:23,879 | INFO | Found data for ticker: ITC
2026-05-06 06:37:23,879 | INFO | Found data for ticker: JINDALSTEL
2026-05-06 06:37:23,879 | INFO | Found data for ticker: JIOFIN
2026-05-06 06:37:23,879 | INFO | Found data for ticker: JSWENERGY
2026-05-06 06:37:23,879 | INFO | Found data for ticker: JSWSTEEL
2026-05-06 06:37:23,879 | INFO | Found data for ticker: KOTAKBANK
2026-05-06 06:37:23,881 | INFO | Found data for ticker: LICI
2026-05-06 06:37:23,881 | INFO | Found data for ticker: LODHA
2026-05-06 06:37:23,881 | INFO | Found data for ticker: LT
2026-05-06 06:37:23,881 | INFO | Found data for ticker: M&M
2026-05-06 06:37:23,881 | INFO | Found data for ticker: MARUTI
2026-05-06 06:37:23,881 | INFO | Found data for ticker: MAXHEALTH
2026-05-06 06:37:23,883 | INFO | Found data for ticker: MAZDOCK
2026-05-06 06:37:23,883 | INFO | Found data for ticker: MOTHERSON
2026-05-06 06:37:23,883 | INFO | Found data for ticker: NAUKRI
2026-05-06 06:37:23,883 | INFO | Found data for ticker: NESTLEIND
2026-05-06 06:37:23,884 | INFO | Found data for ticker: NTPC
2026-05-06 06:37:23,884 | INFO | Found data for ticker: ONGC
2026-05-06 06:37:23,884 | INFO | Found data for ticker: PFC
2026-05-06 06:37:23,884 | INFO | Found data for ticker: PIDILITIND
2026-05-06 06:37:23,884 | INFO | Found data for ticker: PNB
2026-05-06 06:37:23,884 | INFO | Found data for ticker: POWERGRID
2026-05-06 06:37:23,884 | INFO | Found data for ticker: RECLTD
2026-05-06 06:37:23,884 | INFO | Found data for ticker: RELIANCE
2026-05-06 06:37:23,884 | INFO | Found data for ticker: SBILIFE
2026-05-06 06:37:23,884 | INFO | Found data for ticker: SBIN
2026-05-06 06:37:23,884 | INFO | Found data for ticker: SHREECEM
2026-05-06 06:37:23,884 | INFO | Found data for ticker: SHRIRAMFIN
2026-05-06 06:37:23,891 | INFO | Found data for ticker: SIEMENS
2026-05-06 06:37:23,891 | INFO | Found data for ticker: SOLARINDS
2026-05-06 06:37:23,891 | INFO | Found data for ticker: SUNPHARMA
2026-05-06 06:37:23,891 | INFO | Found data for ticker: TATACONSUM
2026-05-06 06:37:23,891 | INFO | Found data for ticker: TATAPOWER
2026-05-06 06:37:23,893 | INFO | Found data for ticker: TATASTEEL
2026-05-06 06:37:23,893 | INFO | Found data for ticker: TCS
2026-05-06 06:37:23,893 | INFO | Found data for ticker: TECHM
2026-05-06 06:37:23,893 | INFO | Found data for ticker: TITAN
2026-05-06 06:37:23,893 | INFO | Found data for ticker: TMPV
2026-05-06 06:37:23,893 | INFO | Found data for ticker: TORNTPHARM
2026-05-06 06:37:23,893 | INFO | Found data for ticker: TRENT
2026-05-06 06:37:23,893 | INFO | Found data for ticker: TVSMOTOR
2026-05-06 06:37:23,893 | INFO | Found data for ticker: ULTRACEMCO
2026-05-06 06:37:23,893 | INFO | Found data for ticker: UNITDSPR
2026-05-06 06:37:23,893 | INFO | Found data for ticker: VBL
2026-05-06 06:37:23,893 | INFO | Found data for ticker: VEDL
2026-05-06 06:37:23,893 | INFO | Found data for ticker: WIPRO
2026-05-06 06:37:23,893 | INFO | Found data for ticker: ZYDUSLIFE
2026-05-06 06:37:23,893 | INFO | Starting Data Stream...
2026-05-06 06:37:27,176 | INFO | [Phase Switch] TRAIN phase starting at 2015-07-06
2026-05-06 06:49:51,165 | INFO | Saved checkpoint to logs\run_20260506_063720\checkpoints\ckpt_step_500.pt
2026-05-06 07:04:33,533 | INFO | Saved checkpoint to logs\run_20260506_063720\checkpoints\ckpt_step_1000.pt
2026-05-06 07:15:23,178 | INFO | [Phase Switch] TEST phase starting at 2021-07-01
2026-05-06 07:15:39,885 | INFO | Saved checkpoint to logs\run_20260506_063720\checkpoints\ckpt_step_1500.pt
2026-05-06 07:20:51,370 | INFO | Saved checkpoint to logs\run_20260506_063720\checkpoints\ckpt_step_2000.pt
2026-05-06 10:30:25,249 | INFO | Saved checkpoint to logs\run_20260506_063720\checkpoints\ckpt_step_2500.pt
2026-05-06 10:33:12,482 | INFO | Reached configured test_end_date (2026-04-30). Stopping.
2026-05-06 10:33:13,245 | INFO | Saved checkpoint to logs\run_20260506_063720\checkpoints\ckpt_step_2671.pt
2026-05-06 10:33:13,245 | INFO | Session Saved. Exiting.
