2026-01-10 00:31:26,100 | INFO | Starting Session in Mode: train
2026-01-10 00:31:51,372 | INFO | Meta-Agent initialized. Input Dim: 15 (Macros=6)
2026-01-10 00:31:52,701 | INFO | [TrainerRL] Loaded 576 weekly macro records.
2026-01-10 00:31:52,756 | INFO | Found data for ticker: NSE_ABB
2026-01-10 00:31:52,763 | INFO | Found data for ticker: NSE_ADANIPORTS
2026-01-10 00:31:52,785 | INFO | Found data for ticker: NSE_ADANIPOWER
2026-01-10 00:31:52,806 | INFO | Found data for ticker: NSE_AMBUJACEM
2026-01-10 00:31:52,826 | INFO | Found data for ticker: NSE_ASIANPAINT
2026-01-10 00:31:52,871 | INFO | Found data for ticker: NSE_BAJAJ_AUTO
2026-01-10 00:31:52,940 | INFO | Found data for ticker: NSE_BEL
2026-01-10 00:31:53,060 | INFO | Found data for ticker: NSE_BHARTIARTL
2026-01-10 00:31:53,096 | INFO | Found data for ticker: NSE_CIPLA
2026-01-10 00:31:53,153 | INFO | Found data for ticker: NSE_DLF
2026-01-10 00:31:53,171 | INFO | Found data for ticker: NSE_GODREJCP
2026-01-10 00:31:53,228 | INFO | Found data for ticker: NSE_HDFCBANK
2026-01-10 00:31:53,268 | INFO | Found data for ticker: NSE_HINDUNILVR
2026-01-10 00:31:53,321 | INFO | Found data for ticker: NSE_ICICIBANK
2026-01-10 00:31:53,334 | INFO | Found data for ticker: NSE_INDHOTEL
2026-01-10 00:31:53,347 | INFO | Found data for ticker: NSE_INFY
2026-01-10 00:31:53,367 | INFO | Found data for ticker: NSE_JSWSTEEL
2026-01-10 00:31:53,388 | INFO | Found data for ticker: NSE_KOTAKBANK
2026-01-10 00:31:53,411 | INFO | Found data for ticker: NSE_LT
2026-01-10 00:31:53,459 | INFO | Found data for ticker: NSE_ONGC
2026-01-10 00:31:53,488 | INFO | Found data for ticker: NSE_PIDILITIND
2026-01-10 00:31:53,582 | INFO | Found data for ticker: NSE_RELIANCE
2026-01-10 00:31:53,594 | INFO | Found data for ticker: NSE_SBIN
2026-01-10 00:31:53,607 | INFO | Found data for ticker: NSE_SOLARINDS
2026-01-10 00:31:53,642 | INFO | Found data for ticker: NSE_SUNPHARMA
2026-01-10 00:31:53,664 | INFO | Found data for ticker: NSE_TATAPOWER
2026-01-10 00:31:53,688 | INFO | Found data for ticker: NSE_TCS
2026-01-10 00:31:53,703 | INFO | Found data for ticker: NSE_TITAN
2026-01-10 00:31:53,743 | INFO | Found data for ticker: NSE_TRENT
2026-01-10 00:31:53,760 | INFO | Found data for ticker: NSE_TVSMOTOR
2026-01-10 00:31:53,775 | INFO | Found data for ticker: NSE_ULTRACEMCO
2026-01-10 00:31:53,795 | INFO | Starting Data Stream...
2026-01-10 00:32:58,504 | ERROR | Training crashed: mat1 and mat2 shapes cannot be multiplied (32x2015 and 1950x512)
2026-01-10 00:33:01,608 | INFO | Saved checkpoint to checkpoints\ckpt_step_32.pt
2026-01-10 00:33:01,703 | INFO | Session Saved. Exiting.
