2026-03-13 02:51:31,119 | INFO | Starting Session in Mode: train
2026-03-13 02:51:54,425 | INFO | Meta-Agent initialized. Input Dim: 15 (Macros=6)
2026-03-13 02:51:55,972 | INFO | [TrainerRL] Loaded 576 weekly macro records.
2026-03-13 02:51:55,976 | INFO | Found data for ticker: 360ONE
2026-03-13 02:51:55,980 | INFO | Found data for ticker: ABB
2026-03-13 02:51:55,982 | INFO | Found data for ticker: ACC
2026-03-13 02:51:55,986 | INFO | Found data for ticker: APLAPOLLO
2026-03-13 02:51:55,987 | INFO | Found data for ticker: AUBANK
2026-03-13 02:51:55,998 | INFO | Found data for ticker: ADANIENSOL
2026-03-13 02:51:56,000 | INFO | Found data for ticker: ADANIENT
2026-03-13 02:51:56,008 | INFO | Found data for ticker: ADANIGREEN
2026-03-13 02:51:56,016 | INFO | Found data for ticker: ADANIPORTS
2026-03-13 02:51:56,020 | INFO | Found data for ticker: ADANIPOWER
2026-03-13 02:51:56,021 | INFO | Found data for ticker: ATGL
2026-03-13 02:51:56,023 | INFO | Found data for ticker: ABCAPITAL
2026-03-13 02:51:56,025 | INFO | Found data for ticker: ALKEM
2026-03-13 02:51:56,037 | INFO | Found data for ticker: AMBUJACEM
2026-03-13 02:51:56,039 | INFO | Found data for ticker: APOLLOHOSP
2026-03-13 02:51:56,040 | INFO | Found data for ticker: ASHOKLEY
2026-03-13 02:51:56,042 | INFO | Found data for ticker: ASIANPAINT
2026-03-13 02:51:56,046 | INFO | Found data for ticker: ASTRAL
2026-03-13 02:51:56,048 | INFO | Found data for ticker: AUROPHARMA
2026-03-13 02:51:56,051 | INFO | Found data for ticker: DMART
2026-03-13 02:51:56,052 | INFO | Found data for ticker: AXISBANK
2026-03-13 02:51:56,057 | INFO | Found data for ticker: BSE
2026-03-13 02:51:56,058 | INFO | Found data for ticker: BAJAJ-AUTO
2026-03-13 02:51:56,061 | INFO | Found data for ticker: BAJFINANCE
2026-03-13 02:51:56,064 | INFO | Found data for ticker: BAJAJFINSV
2026-03-13 02:51:56,070 | INFO | Found data for ticker: BAJAJHLDNG
2026-03-13 02:51:56,075 | INFO | Found data for ticker: BAJAJHFL
2026-03-13 02:51:56,078 | INFO | Found data for ticker: BANKBARODA
2026-03-13 02:51:56,081 | INFO | Found data for ticker: BANKINDIA
2026-03-13 02:51:56,084 | INFO | Found data for ticker: BDL
2026-03-13 02:51:56,084 | INFO | Found data for ticker: BEL
2026-03-13 02:51:56,085 | INFO | Found data for ticker: BHARATFORG
2026-03-13 02:51:56,086 | INFO | Found data for ticker: BHEL
2026-03-13 02:51:56,088 | INFO | Found data for ticker: BPCL
2026-03-13 02:51:56,090 | INFO | Found data for ticker: BHARTIARTL
2026-03-13 02:51:56,091 | INFO | Found data for ticker: BHARTIHEXA
2026-03-13 02:51:56,092 | INFO | Found data for ticker: BIOCON
2026-03-13 02:51:56,097 | INFO | Found data for ticker: BLUESTARCO
2026-03-13 02:51:56,099 | INFO | Found data for ticker: BOSCHLTD
2026-03-13 02:51:56,100 | INFO | Found data for ticker: BRITANNIA
2026-03-13 02:51:56,102 | INFO | Found data for ticker: CGPOWER
2026-03-13 02:51:56,103 | INFO | Found data for ticker: CANBK
2026-03-13 02:51:56,106 | INFO | Found data for ticker: CHOLAFIN
2026-03-13 02:51:56,108 | INFO | Found data for ticker: CIPLA
2026-03-13 02:51:56,109 | INFO | Found data for ticker: COALINDIA
2026-03-13 02:51:56,113 | INFO | Found data for ticker: COCHINSHIP
2026-03-13 02:51:56,115 | INFO | Found data for ticker: COFORGE
2026-03-13 02:51:56,116 | INFO | Found data for ticker: COLPAL
2026-03-13 02:51:56,120 | INFO | Found data for ticker: CONCOR
2026-03-13 02:51:56,122 | INFO | Found data for ticker: COROMANDEL
2026-03-13 02:51:56,122 | INFO | Found data for ticker: CUMMINSIND
2026-03-13 02:51:56,135 | INFO | Found data for ticker: DLF
2026-03-13 02:51:56,138 | INFO | Found data for ticker: DABUR
2026-03-13 02:51:56,141 | INFO | Found data for ticker: DIVISLAB
2026-03-13 02:51:56,142 | INFO | Found data for ticker: DIXON
2026-03-13 02:51:56,145 | INFO | Found data for ticker: DRREDDY
2026-03-13 02:51:56,149 | INFO | Found data for ticker: EICHERMOT
2026-03-13 02:51:56,150 | INFO | Found data for ticker: ETERNAL
2026-03-13 02:51:56,151 | INFO | Found data for ticker: EXIDEIND
2026-03-13 02:51:56,152 | INFO | Found data for ticker: NYKAA
2026-03-13 02:51:56,154 | INFO | Found data for ticker: FEDERALBNK
2026-03-13 02:51:56,157 | INFO | Found data for ticker: FORTIS
2026-03-13 02:51:56,158 | INFO | Found data for ticker: GAIL
2026-03-13 02:51:56,160 | INFO | Found data for ticker: GMRAIRPORT
2026-03-13 02:51:56,162 | INFO | Found data for ticker: GLENMARK
2026-03-13 02:51:56,165 | INFO | Found data for ticker: GODFRYPHLP
2026-03-13 02:51:56,167 | INFO | Found data for ticker: GODREJCP
2026-03-13 02:51:56,169 | INFO | Found data for ticker: GODREJPROP
2026-03-13 02:51:56,171 | INFO | Found data for ticker: GRASIM
2026-03-13 02:51:56,173 | INFO | Found data for ticker: HCLTECH
2026-03-13 02:51:56,181 | INFO | Found data for ticker: HDFCAMC
2026-03-13 02:51:56,192 | INFO | Found data for ticker: HDFCBANK
2026-03-13 02:51:56,206 | INFO | Found data for ticker: HDFCLIFE
2026-03-13 02:51:56,208 | INFO | Found data for ticker: HAVELLS
2026-03-13 02:51:56,212 | INFO | Found data for ticker: HEROMOTOCO
2026-03-13 02:51:56,215 | INFO | Found data for ticker: HINDALCO
2026-03-13 02:51:56,219 | INFO | Found data for ticker: HAL
2026-03-13 02:51:56,224 | INFO | Found data for ticker: HINDPETRO
2026-03-13 02:51:56,225 | INFO | Found data for ticker: HINDUNILVR
2026-03-13 02:51:56,229 | INFO | Found data for ticker: HINDZINC
2026-03-13 02:51:56,231 | INFO | Found data for ticker: POWERINDIA
2026-03-13 02:51:56,232 | INFO | Found data for ticker: HUDCO
2026-03-13 02:51:56,234 | INFO | Found data for ticker: HYUNDAI
2026-03-13 02:51:56,235 | INFO | Found data for ticker: ICICIBANK
2026-03-13 02:51:56,239 | INFO | Found data for ticker: ICICIGI
2026-03-13 02:51:56,241 | INFO | Found data for ticker: IDFCFIRSTB
2026-03-13 02:51:56,242 | INFO | Found data for ticker: IRB
2026-03-13 02:51:56,244 | INFO | Found data for ticker: ITCHOTELS
2026-03-13 02:51:56,247 | INFO | Found data for ticker: ITC
2026-03-13 02:51:56,257 | INFO | Found data for ticker: INDIANB
2026-03-13 02:51:56,260 | INFO | Found data for ticker: INDHOTEL
2026-03-13 02:51:56,265 | INFO | Found data for ticker: IOC
2026-03-13 02:51:56,271 | INFO | Found data for ticker: IRCTC
2026-03-13 02:51:56,272 | INFO | Found data for ticker: IRFC
2026-03-13 02:51:56,282 | INFO | Found data for ticker: IREDA
2026-03-13 02:51:56,289 | INFO | Found data for ticker: IGL
2026-03-13 02:51:56,290 | INFO | Found data for ticker: INDUSTOWER
2026-03-13 02:51:56,293 | INFO | Found data for ticker: INDUSINDBK
2026-03-13 02:51:56,298 | INFO | Found data for ticker: NAUKRI
2026-03-13 02:51:56,301 | INFO | Found data for ticker: INFY
2026-03-13 02:51:56,307 | INFO | Found data for ticker: INDIGO
2026-03-13 02:51:56,308 | INFO | Found data for ticker: JSWENERGY
2026-03-13 02:51:56,312 | INFO | Found data for ticker: JSWSTEEL
2026-03-13 02:51:56,314 | INFO | Found data for ticker: JINDALSTEL
2026-03-13 02:51:56,315 | INFO | Found data for ticker: JIOFIN
2026-03-13 02:51:56,319 | INFO | Found data for ticker: JUBLFOOD
2026-03-13 02:51:56,321 | INFO | Found data for ticker: KEI
2026-03-13 02:51:56,322 | INFO | Found data for ticker: KPITTECH
2026-03-13 02:51:56,325 | INFO | Found data for ticker: KALYANKJIL
2026-03-13 02:51:56,326 | INFO | Found data for ticker: KOTAKBANK
2026-03-13 02:51:56,339 | INFO | Found data for ticker: LTF
2026-03-13 02:51:56,340 | INFO | Found data for ticker: LICHSGFIN
2026-03-13 02:51:56,342 | INFO | Found data for ticker: LT
2026-03-13 02:51:56,349 | INFO | Found data for ticker: LICI
2026-03-13 02:51:56,354 | INFO | Found data for ticker: LODHA
2026-03-13 02:51:56,355 | INFO | Found data for ticker: LUPIN
2026-03-13 02:51:56,358 | INFO | Found data for ticker: MRF
2026-03-13 02:51:56,359 | INFO | Found data for ticker: M&MFIN
2026-03-13 02:51:56,362 | INFO | Found data for ticker: M&M
2026-03-13 02:51:56,366 | INFO | Found data for ticker: MANKIND
2026-03-13 02:51:56,368 | INFO | Found data for ticker: MARICO
2026-03-13 02:51:56,369 | INFO | Found data for ticker: MARUTI
2026-03-13 02:51:56,371 | INFO | Found data for ticker: MFSL
2026-03-13 02:51:56,372 | INFO | Found data for ticker: MAXHEALTH
2026-03-13 02:51:56,373 | INFO | Found data for ticker: MAZDOCK
2026-03-13 02:51:56,374 | INFO | Found data for ticker: MOTILALOFS
2026-03-13 02:51:56,376 | INFO | Found data for ticker: MPHASIS
2026-03-13 02:51:56,381 | INFO | Found data for ticker: MUTHOOTFIN
2026-03-13 02:51:56,383 | INFO | Found data for ticker: NHPC
2026-03-13 02:51:56,384 | INFO | Found data for ticker: NMDC
2026-03-13 02:51:56,387 | INFO | Found data for ticker: NTPCGREEN
2026-03-13 02:51:56,390 | INFO | Found data for ticker: NTPC
2026-03-13 02:51:56,393 | INFO | Found data for ticker: NATIONALUM
2026-03-13 02:51:56,396 | INFO | Found data for ticker: NESTLEIND
2026-03-13 02:51:56,400 | INFO | Found data for ticker: OBEROIRLTY
2026-03-13 02:51:56,402 | INFO | Found data for ticker: ONGC
2026-03-13 02:51:56,404 | INFO | Found data for ticker: OIL
2026-03-13 02:51:56,406 | INFO | Found data for ticker: PAYTM
2026-03-13 02:51:56,406 | INFO | Found data for ticker: OFSS
2026-03-13 02:51:56,417 | INFO | Found data for ticker: POLICYBZR
2026-03-13 02:51:56,420 | INFO | Found data for ticker: PIIND
2026-03-13 02:51:56,422 | INFO | Found data for ticker: PAGEIND
2026-03-13 02:51:56,426 | INFO | Found data for ticker: PATANJALI
2026-03-13 02:51:56,429 | INFO | Found data for ticker: PERSISTENT
2026-03-13 02:51:56,431 | INFO | Found data for ticker: PHOENIXLTD
2026-03-13 02:51:56,433 | INFO | Found data for ticker: PIDILITIND
2026-03-13 02:51:56,436 | INFO | Found data for ticker: POLYCAB
2026-03-13 02:51:56,440 | INFO | Found data for ticker: PFC
2026-03-13 02:51:56,450 | INFO | Found data for ticker: POWERGRID
2026-03-13 02:51:56,453 | INFO | Found data for ticker: PREMIERENE
2026-03-13 02:51:56,458 | INFO | Found data for ticker: PRESTIGE
2026-03-13 02:51:56,461 | INFO | Found data for ticker: PNB
2026-03-13 02:51:56,465 | INFO | Found data for ticker: RECLTD
2026-03-13 02:51:56,467 | INFO | Found data for ticker: RVNL
2026-03-13 02:51:56,469 | INFO | Found data for ticker: RELIANCE
2026-03-13 02:51:56,472 | INFO | Found data for ticker: SBICARD
2026-03-13 02:51:56,482 | INFO | Found data for ticker: SBILIFE
2026-03-13 02:51:56,484 | INFO | Found data for ticker: SRF
2026-03-13 02:51:56,490 | INFO | Found data for ticker: MOTHERSON
2026-03-13 02:51:56,491 | INFO | Found data for ticker: SHREECEM
2026-03-13 02:51:56,493 | INFO | Found data for ticker: SHRIRAMFIN
2026-03-13 02:51:56,496 | INFO | Found data for ticker: ENRIN
2026-03-13 02:51:56,498 | INFO | Found data for ticker: SIEMENS
2026-03-13 02:51:56,506 | INFO | Found data for ticker: SOLARINDS
2026-03-13 02:51:56,516 | INFO | Found data for ticker: SONACOMS
2026-03-13 02:51:56,520 | INFO | Found data for ticker: SBIN
2026-03-13 02:51:56,524 | INFO | Found data for ticker: SAIL
2026-03-13 02:51:56,538 | INFO | Found data for ticker: SUNPHARMA
2026-03-13 02:51:56,541 | INFO | Found data for ticker: SUPREMEIND
2026-03-13 02:51:56,546 | INFO | Found data for ticker: SUZLON
2026-03-13 02:51:56,554 | INFO | Found data for ticker: SWIGGY
2026-03-13 02:51:56,557 | INFO | Found data for ticker: TVSMOTOR
2026-03-13 02:51:56,566 | INFO | Found data for ticker: TATACOMM
2026-03-13 02:51:56,571 | INFO | Found data for ticker: TCS
2026-03-13 02:51:56,574 | INFO | Found data for ticker: TATACONSUM
2026-03-13 02:51:56,580 | INFO | Found data for ticker: TATAELXSI
2026-03-13 02:51:56,590 | INFO | Found data for ticker: TMPV
2026-03-13 02:51:56,593 | INFO | Found data for ticker: TATAPOWER
2026-03-13 02:51:56,596 | INFO | Found data for ticker: TATASTEEL
2026-03-13 02:51:56,599 | INFO | Found data for ticker: TATATECH
2026-03-13 02:51:56,601 | INFO | Found data for ticker: TECHM
2026-03-13 02:51:56,604 | INFO | Found data for ticker: TITAN
2026-03-13 02:51:56,606 | INFO | Found data for ticker: TORNTPHARM
2026-03-13 02:51:56,608 | INFO | Found data for ticker: TORNTPOWER
2026-03-13 02:51:56,609 | INFO | Found data for ticker: TRENT
2026-03-13 02:51:56,621 | INFO | Found data for ticker: TIINDIA
2026-03-13 02:51:56,625 | INFO | Found data for ticker: UPL
2026-03-13 02:51:56,632 | INFO | Found data for ticker: ULTRACEMCO
2026-03-13 02:51:56,639 | INFO | Found data for ticker: UNIONBANK
2026-03-13 02:51:56,641 | INFO | Found data for ticker: UNITDSPR
2026-03-13 02:51:56,650 | INFO | Found data for ticker: VBL
2026-03-13 02:51:56,656 | INFO | Found data for ticker: VEDL
2026-03-13 02:51:56,662 | INFO | Found data for ticker: VMM
2026-03-13 02:51:56,670 | INFO | Found data for ticker: IDEA
2026-03-13 02:51:56,676 | INFO | Found data for ticker: VOLTAS
2026-03-13 02:51:56,682 | INFO | Found data for ticker: WAAREEENER
2026-03-13 02:51:56,684 | INFO | Found data for ticker: WIPRO
2026-03-13 02:51:56,690 | INFO | Found data for ticker: YESBANK
2026-03-13 02:51:56,697 | INFO | Found data for ticker: ZYDUSLIFE
2026-03-13 02:51:56,698 | INFO | Starting Data Stream...
2026-03-13 02:52:35,309 | INFO | [Phase Switch] TRAIN phase starting at 2015-07-06
2026-03-13 03:02:53,196 | INFO | Training interrupted by user.
2026-03-13 03:02:53,484 | INFO | Saved checkpoint to checkpoints\ckpt_step_289.pt
2026-03-13 03:02:53,486 | INFO | Session Saved. Exiting.
