2026-03-12 19:25:04,543 | INFO | Starting Session in Mode: train
2026-03-12 19:25:07,516 | INFO | Meta-Agent initialized. Input Dim: 15 (Macros=6)
2026-03-12 19:25:07,711 | INFO | [TrainerRL] Loaded 576 weekly macro records.
2026-03-12 19:25:07,713 | INFO | Found data for ticker: ABB
2026-03-12 19:25:07,714 | INFO | Found data for ticker: ADANIENSOL
2026-03-12 19:25:07,715 | INFO | Found data for ticker: ADANIENT
2026-03-12 19:25:07,716 | INFO | Found data for ticker: ADANIGREEN
2026-03-12 19:25:07,717 | INFO | Found data for ticker: ADANIPORTS
2026-03-12 19:25:07,718 | INFO | Found data for ticker: ADANIPOWER
2026-03-12 19:25:07,719 | INFO | Found data for ticker: AMBUJACEM
2026-03-12 19:25:07,721 | INFO | Found data for ticker: APOLLOHOSP
2026-03-12 19:25:07,724 | INFO | Found data for ticker: ASIANPAINT
2026-03-12 19:25:07,725 | INFO | Found data for ticker: DMART
2026-03-12 19:25:07,726 | INFO | Found data for ticker: AXISBANK
2026-03-12 19:25:07,726 | INFO | Found data for ticker: BAJAJ-AUTO
2026-03-12 19:25:07,728 | INFO | Found data for ticker: BAJFINANCE
2026-03-12 19:25:07,729 | INFO | Found data for ticker: BAJAJFINSV
2026-03-12 19:25:07,731 | INFO | Found data for ticker: BAJAJHLDNG
2026-03-12 19:25:07,732 | INFO | Found data for ticker: BAJAJHFL
2026-03-12 19:25:07,734 | INFO | Found data for ticker: BANKBARODA
2026-03-12 19:25:07,737 | INFO | Found data for ticker: BEL
2026-03-12 19:25:07,738 | INFO | Found data for ticker: BPCL
2026-03-12 19:25:07,740 | INFO | Found data for ticker: BHARTIARTL
2026-03-12 19:25:07,741 | INFO | Found data for ticker: BOSCHLTD
2026-03-12 19:25:07,742 | INFO | Found data for ticker: BRITANNIA
2026-03-12 19:25:07,742 | INFO | Found data for ticker: CGPOWER
2026-03-12 19:25:07,743 | INFO | Found data for ticker: CANBK
2026-03-12 19:25:07,745 | INFO | Found data for ticker: CHOLAFIN
2026-03-12 19:25:07,746 | INFO | Found data for ticker: CIPLA
2026-03-12 19:25:07,748 | INFO | Found data for ticker: COALINDIA
2026-03-12 19:25:07,750 | INFO | Found data for ticker: DLF
2026-03-12 19:25:07,751 | INFO | Found data for ticker: DIVISLAB
2026-03-12 19:25:07,752 | INFO | Found data for ticker: DRREDDY
2026-03-12 19:25:07,753 | INFO | Found data for ticker: EICHERMOT
2026-03-12 19:25:07,753 | INFO | Found data for ticker: ETERNAL
2026-03-12 19:25:07,754 | INFO | Found data for ticker: GAIL
2026-03-12 19:25:07,755 | INFO | Found data for ticker: GODREJCP
2026-03-12 19:25:07,757 | INFO | Found data for ticker: GRASIM
2026-03-12 19:25:07,757 | INFO | Found data for ticker: HCLTECH
2026-03-12 19:25:07,758 | INFO | Found data for ticker: HDFCBANK
2026-03-12 19:25:07,759 | INFO | Found data for ticker: HDFCLIFE
2026-03-12 19:25:07,759 | INFO | Found data for ticker: HAVELLS
2026-03-12 19:25:07,760 | INFO | Found data for ticker: HINDALCO
2026-03-12 19:25:07,762 | INFO | Found data for ticker: HAL
2026-03-12 19:25:07,763 | INFO | Found data for ticker: HINDUNILVR
2026-03-12 19:25:07,764 | INFO | Found data for ticker: HINDZINC
2026-03-12 19:25:07,765 | INFO | Found data for ticker: HYUNDAI
2026-03-12 19:25:07,766 | INFO | Found data for ticker: ICICIBANK
2026-03-12 19:25:07,768 | INFO | Found data for ticker: ICICIGI
2026-03-12 19:25:07,768 | INFO | Found data for ticker: ITC
2026-03-12 19:25:07,769 | INFO | Found data for ticker: INDHOTEL
2026-03-12 19:25:07,772 | INFO | Found data for ticker: IOC
2026-03-12 19:25:07,773 | INFO | Found data for ticker: IRFC
2026-03-12 19:25:07,775 | INFO | Found data for ticker: NAUKRI
2026-03-12 19:25:07,776 | INFO | Found data for ticker: INFY
2026-03-12 19:25:07,777 | INFO | Found data for ticker: INDIGO
2026-03-12 19:25:07,777 | INFO | Found data for ticker: JSWENERGY
2026-03-12 19:25:07,778 | INFO | Found data for ticker: JSWSTEEL
2026-03-12 19:25:07,780 | INFO | Found data for ticker: JINDALSTEL
2026-03-12 19:25:07,788 | INFO | Found data for ticker: JIOFIN
2026-03-12 19:25:07,789 | INFO | Found data for ticker: KOTAKBANK
2026-03-12 19:25:07,789 | INFO | Found data for ticker: LT
2026-03-12 19:25:07,790 | INFO | Found data for ticker: LICI
2026-03-12 19:25:07,791 | INFO | Found data for ticker: LODHA
2026-03-12 19:25:07,791 | INFO | Found data for ticker: M&M
2026-03-12 19:25:07,792 | INFO | Found data for ticker: MARUTI
2026-03-12 19:25:07,794 | INFO | Found data for ticker: MAXHEALTH
2026-03-12 19:25:07,795 | INFO | Found data for ticker: MAZDOCK
2026-03-12 19:25:07,795 | INFO | Found data for ticker: NTPC
2026-03-12 19:25:07,796 | INFO | Found data for ticker: NESTLEIND
2026-03-12 19:25:07,797 | INFO | Found data for ticker: ONGC
2026-03-12 19:25:07,798 | INFO | Found data for ticker: PIDILITIND
2026-03-12 19:25:07,799 | INFO | Found data for ticker: PFC
2026-03-12 19:25:07,800 | INFO | Found data for ticker: POWERGRID
2026-03-12 19:25:07,801 | INFO | Found data for ticker: PNB
2026-03-12 19:25:07,802 | INFO | Found data for ticker: RECLTD
2026-03-12 19:25:07,803 | INFO | Found data for ticker: RELIANCE
2026-03-12 19:25:07,804 | INFO | Found data for ticker: SBILIFE
2026-03-12 19:25:07,805 | INFO | Found data for ticker: MOTHERSON
2026-03-12 19:25:07,805 | INFO | Found data for ticker: SHREECEM
2026-03-12 19:25:07,805 | INFO | Found data for ticker: SHRIRAMFIN
2026-03-12 19:25:07,807 | INFO | Found data for ticker: ENRIN
2026-03-12 19:25:07,808 | INFO | Found data for ticker: SIEMENS
2026-03-12 19:25:07,808 | INFO | Found data for ticker: SOLARINDS
2026-03-12 19:25:07,809 | INFO | Found data for ticker: SBIN
2026-03-12 19:25:07,810 | INFO | Found data for ticker: SUNPHARMA
2026-03-12 19:25:07,811 | INFO | Found data for ticker: TVSMOTOR
2026-03-12 19:25:07,812 | INFO | Found data for ticker: TCS
2026-03-12 19:25:07,813 | INFO | Found data for ticker: TATACONSUM
2026-03-12 19:25:07,813 | INFO | Found data for ticker: TMPV
2026-03-12 19:25:07,814 | INFO | Found data for ticker: TATAPOWER
2026-03-12 19:25:07,815 | INFO | Found data for ticker: TATASTEEL
2026-03-12 19:25:07,815 | INFO | Found data for ticker: TECHM
2026-03-12 19:25:07,816 | INFO | Found data for ticker: TITAN
2026-03-12 19:25:07,817 | INFO | Found data for ticker: TORNTPHARM
2026-03-12 19:25:07,817 | INFO | Found data for ticker: TRENT
2026-03-12 19:25:07,818 | INFO | Found data for ticker: ULTRACEMCO
2026-03-12 19:25:07,818 | INFO | Found data for ticker: UNITDSPR
2026-03-12 19:25:07,819 | INFO | Found data for ticker: VBL
2026-03-12 19:25:07,820 | INFO | Found data for ticker: VEDL
2026-03-12 19:25:07,821 | INFO | Found data for ticker: WIPRO
2026-03-12 19:25:07,821 | INFO | Found data for ticker: ZYDUSLIFE
2026-03-12 19:25:07,822 | INFO | Starting Data Stream...
2026-03-12 19:25:14,887 | INFO | [Phase Switch] TRAIN phase starting at 2015-07-06
2026-03-12 19:30:37,565 | INFO | Saved checkpoint to checkpoints\ckpt_step_500.pt
2026-03-12 19:38:22,431 | INFO | Saved checkpoint to checkpoints\ckpt_step_1000.pt
2026-03-12 19:47:27,634 | INFO | Saved checkpoint to checkpoints\ckpt_step_1500.pt
2026-03-12 19:48:56,369 | INFO | [Phase Switch] TEST phase starting at 2022-01-03
2026-03-12 19:54:25,041 | INFO | Saved checkpoint to checkpoints\ckpt_step_2000.pt
2026-03-12 19:59:45,921 | INFO | Saved checkpoint to checkpoints\ckpt_step_2500.pt
2026-03-12 20:00:17,439 | INFO | Reached configured test_end_date (2025-10-31). Stopping.
2026-03-12 20:00:17,461 | INFO | Saved checkpoint to checkpoints\ckpt_step_2550.pt
2026-03-12 20:00:17,462 | INFO | Session Saved. Exiting.
