2026-01-10 00:18:05,561 | INFO | Starting Session in Mode: train
2026-01-10 00:18:08,552 | INFO | Meta-Agent initialized. Input Dim: 15 (Macros=6)
2026-01-10 00:18:08,625 | INFO | [TrainerRL] Loaded 576 weekly macro records.
2026-01-10 00:18:08,625 | INFO | Found data for ticker: NSE_ABB
2026-01-10 00:18:08,625 | INFO | Found data for ticker: NSE_ADANIPORTS
2026-01-10 00:18:08,625 | INFO | Found data for ticker: NSE_ADANIPOWER
2026-01-10 00:18:08,626 | INFO | Found data for ticker: NSE_AMBUJACEM
2026-01-10 00:18:08,626 | INFO | Found data for ticker: NSE_ASIANPAINT
2026-01-10 00:18:08,626 | INFO | Found data for ticker: NSE_BAJAJ_AUTO
2026-01-10 00:18:08,626 | INFO | Found data for ticker: NSE_BEL
2026-01-10 00:18:08,627 | INFO | Found data for ticker: NSE_BHARTIARTL
2026-01-10 00:18:08,628 | INFO | Found data for ticker: NSE_CIPLA
2026-01-10 00:18:08,628 | INFO | Found data for ticker: NSE_DLF
2026-01-10 00:18:08,628 | INFO | Found data for ticker: NSE_GODREJCP
2026-01-10 00:18:08,628 | INFO | Found data for ticker: NSE_HDFCBANK
2026-01-10 00:18:08,628 | INFO | Found data for ticker: NSE_HINDUNILVR
2026-01-10 00:18:08,629 | INFO | Found data for ticker: NSE_ICICIBANK
2026-01-10 00:18:08,629 | INFO | Found data for ticker: NSE_INDHOTEL
2026-01-10 00:18:08,629 | INFO | Found data for ticker: NSE_INFY
2026-01-10 00:18:08,629 | INFO | Found data for ticker: NSE_JSWSTEEL
2026-01-10 00:18:08,630 | INFO | Found data for ticker: NSE_KOTAKBANK
2026-01-10 00:18:08,631 | INFO | Found data for ticker: NSE_LT
2026-01-10 00:18:08,632 | INFO | Found data for ticker: NSE_ONGC
2026-01-10 00:18:08,632 | INFO | Found data for ticker: NSE_PIDILITIND
2026-01-10 00:18:08,633 | INFO | Found data for ticker: NSE_RELIANCE
2026-01-10 00:18:08,634 | INFO | Found data for ticker: NSE_SBIN
2026-01-10 00:18:08,635 | INFO | Found data for ticker: NSE_SOLARINDS
2026-01-10 00:18:08,636 | INFO | Found data for ticker: NSE_SUNPHARMA
2026-01-10 00:18:08,636 | INFO | Found data for ticker: NSE_TATAPOWER
2026-01-10 00:18:08,637 | INFO | Found data for ticker: NSE_TCS
2026-01-10 00:18:08,638 | INFO | Found data for ticker: NSE_TITAN
2026-01-10 00:18:08,638 | INFO | Found data for ticker: NSE_TRENT
2026-01-10 00:18:08,639 | INFO | Found data for ticker: NSE_TVSMOTOR
2026-01-10 00:18:08,639 | INFO | Found data for ticker: NSE_ULTRACEMCO
2026-01-10 00:18:08,640 | INFO | Starting Data Stream...
2026-01-10 00:18:16,167 | ERROR | Training crashed: mat1 and mat2 shapes cannot be multiplied (32x2015 and 1950x512)
2026-01-10 00:18:16,214 | INFO | Saved checkpoint to checkpoints\ckpt_step_32.pt
2026-01-10 00:18:16,216 | INFO | Session Saved. Exiting.
