2026-01-10 20:19:07,715 | INFO | Starting Session in Mode: smoke
2026-01-10 20:19:10,521 | INFO | Meta-Agent initialized. Input Dim: 15 (Macros=6)
2026-01-10 20:19:10,703 | INFO | [TrainerRL] Loaded 576 weekly macro records.
2026-01-10 20:19:10,705 | INFO | Found data for ticker: NSE_ABB
2026-01-10 20:19:10,707 | INFO | Found data for ticker: NSE_ADANIPORTS
2026-01-10 20:19:10,707 | INFO | Found data for ticker: NSE_ADANIPOWER
2026-01-10 20:19:10,707 | INFO | Found data for ticker: NSE_AMBUJACEM
2026-01-10 20:19:10,708 | INFO | Found data for ticker: NSE_ASIANPAINT
2026-01-10 20:19:10,708 | INFO | Found data for ticker: NSE_BAJAJ_AUTO
2026-01-10 20:19:10,709 | INFO | Found data for ticker: NSE_BEL
2026-01-10 20:19:10,709 | INFO | Found data for ticker: NSE_BHARTIARTL
2026-01-10 20:19:10,710 | INFO | Found data for ticker: NSE_CIPLA
2026-01-10 20:19:10,712 | INFO | Found data for ticker: NSE_DLF
2026-01-10 20:19:10,712 | INFO | Found data for ticker: NSE_GODREJCP
2026-01-10 20:19:10,713 | INFO | Found data for ticker: NSE_HDFCBANK
2026-01-10 20:19:10,713 | INFO | Found data for ticker: NSE_HINDUNILVR
2026-01-10 20:19:10,714 | INFO | Found data for ticker: NSE_ICICIBANK
2026-01-10 20:19:10,715 | INFO | Found data for ticker: NSE_INDHOTEL
2026-01-10 20:19:10,715 | INFO | Found data for ticker: NSE_INFY
2026-01-10 20:19:10,715 | INFO | Found data for ticker: NSE_JSWSTEEL
2026-01-10 20:19:10,716 | INFO | Found data for ticker: NSE_KOTAKBANK
2026-01-10 20:19:10,717 | INFO | Found data for ticker: NSE_LT
2026-01-10 20:19:10,717 | INFO | Found data for ticker: NSE_ONGC
2026-01-10 20:19:10,717 | INFO | Found data for ticker: NSE_PIDILITIND
2026-01-10 20:19:10,718 | INFO | Found data for ticker: NSE_RELIANCE
2026-01-10 20:19:10,718 | INFO | Found data for ticker: NSE_SBIN
2026-01-10 20:19:10,719 | INFO | Found data for ticker: NSE_SOLARINDS
2026-01-10 20:19:10,720 | INFO | Found data for ticker: NSE_SUNPHARMA
2026-01-10 20:19:10,721 | INFO | Found data for ticker: NSE_TATAPOWER
2026-01-10 20:19:10,723 | INFO | Found data for ticker: NSE_TCS
2026-01-10 20:19:10,723 | INFO | Found data for ticker: NSE_TITAN
2026-01-10 20:19:10,724 | INFO | Found data for ticker: NSE_TRENT
2026-01-10 20:19:10,724 | INFO | Found data for ticker: NSE_TVSMOTOR
2026-01-10 20:19:10,725 | INFO | Found data for ticker: NSE_ULTRACEMCO
2026-01-10 20:19:10,725 | INFO | Starting Data Stream...
2026-01-10 20:19:27,182 | INFO | Max steps reached. Stopping.
2026-01-10 20:19:27,202 | INFO | Saved checkpoint to checkpoints\ckpt_step_50.pt
2026-01-10 20:19:27,202 | INFO | Session Saved. Exiting.
