2026-01-10 00:50:27,425 | INFO | Starting Session in Mode: train
2026-01-10 00:50:31,254 | INFO | Meta-Agent initialized. Input Dim: 15 (Macros=6)
2026-01-10 00:50:31,445 | INFO | [TrainerRL] Loaded 576 weekly macro records.
2026-01-10 00:50:31,447 | INFO | Found data for ticker: NSE_ABB
2026-01-10 00:50:31,448 | INFO | Found data for ticker: NSE_ADANIPORTS
2026-01-10 00:50:31,449 | INFO | Found data for ticker: NSE_ADANIPOWER
2026-01-10 00:50:31,450 | INFO | Found data for ticker: NSE_AMBUJACEM
2026-01-10 00:50:31,451 | INFO | Found data for ticker: NSE_ASIANPAINT
2026-01-10 00:50:31,451 | INFO | Found data for ticker: NSE_BAJAJ_AUTO
2026-01-10 00:50:31,452 | INFO | Found data for ticker: NSE_BEL
2026-01-10 00:50:31,453 | INFO | Found data for ticker: NSE_BHARTIARTL
2026-01-10 00:50:31,455 | INFO | Found data for ticker: NSE_CIPLA
2026-01-10 00:50:31,456 | INFO | Found data for ticker: NSE_DLF
2026-01-10 00:50:31,456 | INFO | Found data for ticker: NSE_GODREJCP
2026-01-10 00:50:31,457 | INFO | Found data for ticker: NSE_HDFCBANK
2026-01-10 00:50:31,459 | INFO | Found data for ticker: NSE_HINDUNILVR
2026-01-10 00:50:31,460 | INFO | Found data for ticker: NSE_ICICIBANK
2026-01-10 00:50:31,461 | INFO | Found data for ticker: NSE_INDHOTEL
2026-01-10 00:50:31,463 | INFO | Found data for ticker: NSE_INFY
2026-01-10 00:50:31,464 | INFO | Found data for ticker: NSE_JSWSTEEL
2026-01-10 00:50:31,465 | INFO | Found data for ticker: NSE_KOTAKBANK
2026-01-10 00:50:31,468 | INFO | Found data for ticker: NSE_LT
2026-01-10 00:50:31,471 | INFO | Found data for ticker: NSE_ONGC
2026-01-10 00:50:31,472 | INFO | Found data for ticker: NSE_PIDILITIND
2026-01-10 00:50:31,476 | INFO | Found data for ticker: NSE_RELIANCE
2026-01-10 00:50:31,478 | INFO | Found data for ticker: NSE_SBIN
2026-01-10 00:50:31,479 | INFO | Found data for ticker: NSE_SOLARINDS
2026-01-10 00:50:31,481 | INFO | Found data for ticker: NSE_SUNPHARMA
2026-01-10 00:50:31,482 | INFO | Found data for ticker: NSE_TATAPOWER
2026-01-10 00:50:31,483 | INFO | Found data for ticker: NSE_TCS
2026-01-10 00:50:31,484 | INFO | Found data for ticker: NSE_TITAN
2026-01-10 00:50:31,486 | INFO | Found data for ticker: NSE_TRENT
2026-01-10 00:50:31,487 | INFO | Found data for ticker: NSE_TVSMOTOR
2026-01-10 00:50:31,488 | INFO | Found data for ticker: NSE_ULTRACEMCO
2026-01-10 00:50:31,489 | INFO | Starting Data Stream...
2026-01-10 00:52:20,700 | ERROR | Training crashed: element 0 of tensors does not require grad and does not have a grad_fn
2026-01-10 00:52:20,866 | INFO | Saved checkpoint to checkpoints\ckpt_step_254.pt
2026-01-10 00:52:20,867 | INFO | Session Saved. Exiting.
