2026-03-12 19:08:44,640 | INFO | Starting Session in Mode: train
2026-03-12 19:08:48,965 | INFO | Meta-Agent initialized. Input Dim: 15 (Macros=6)
2026-03-12 19:08:49,121 | INFO | [TrainerRL] Loaded 576 weekly macro records.
2026-03-12 19:08:49,123 | INFO | Found data for ticker: ABB
2026-03-12 19:08:49,124 | INFO | Found data for ticker: ADANIENSOL
2026-03-12 19:08:49,125 | INFO | Found data for ticker: ADANIENT
2026-03-12 19:08:49,125 | INFO | Found data for ticker: ADANIGREEN
2026-03-12 19:08:49,127 | INFO | Found data for ticker: ADANIPORTS
2026-03-12 19:08:49,127 | INFO | Found data for ticker: ADANIPOWER
2026-03-12 19:08:49,128 | INFO | Found data for ticker: AMBUJACEM
2026-03-12 19:08:49,130 | INFO | Found data for ticker: APOLLOHOSP
2026-03-12 19:08:49,133 | INFO | Found data for ticker: ASIANPAINT
2026-03-12 19:08:49,135 | INFO | Found data for ticker: DMART
2026-03-12 19:08:49,138 | INFO | Found data for ticker: AXISBANK
2026-03-12 19:08:49,139 | INFO | Found data for ticker: BAJAJ-AUTO
2026-03-12 19:08:49,140 | INFO | Found data for ticker: BAJFINANCE
2026-03-12 19:08:49,143 | INFO | Found data for ticker: BAJAJFINSV
2026-03-12 19:08:49,145 | INFO | Found data for ticker: BAJAJHLDNG
2026-03-12 19:08:49,148 | INFO | Found data for ticker: BAJAJHFL
2026-03-12 19:08:49,150 | INFO | Found data for ticker: BANKBARODA
2026-03-12 19:08:49,152 | INFO | Found data for ticker: BEL
2026-03-12 19:08:49,154 | INFO | Found data for ticker: BPCL
2026-03-12 19:08:49,156 | INFO | Found data for ticker: BHARTIARTL
2026-03-12 19:08:49,157 | INFO | Found data for ticker: BOSCHLTD
2026-03-12 19:08:49,158 | INFO | Found data for ticker: BRITANNIA
2026-03-12 19:08:49,159 | INFO | Found data for ticker: CGPOWER
2026-03-12 19:08:49,160 | INFO | Found data for ticker: CANBK
2026-03-12 19:08:49,161 | INFO | Found data for ticker: CHOLAFIN
2026-03-12 19:08:49,162 | INFO | Found data for ticker: CIPLA
2026-03-12 19:08:49,165 | INFO | Found data for ticker: COALINDIA
2026-03-12 19:08:49,168 | INFO | Found data for ticker: DLF
2026-03-12 19:08:49,171 | INFO | Found data for ticker: DIVISLAB
2026-03-12 19:08:49,173 | INFO | Found data for ticker: DRREDDY
2026-03-12 19:08:49,176 | INFO | Found data for ticker: EICHERMOT
2026-03-12 19:08:49,178 | INFO | Found data for ticker: ETERNAL
2026-03-12 19:08:49,179 | INFO | Found data for ticker: GAIL
2026-03-12 19:08:49,180 | INFO | Found data for ticker: GODREJCP
2026-03-12 19:08:49,180 | INFO | Found data for ticker: GRASIM
2026-03-12 19:08:49,181 | INFO | Found data for ticker: HCLTECH
2026-03-12 19:08:49,183 | INFO | Found data for ticker: HDFCBANK
2026-03-12 19:08:49,187 | INFO | Found data for ticker: HDFCLIFE
2026-03-12 19:08:49,189 | INFO | Found data for ticker: HAVELLS
2026-03-12 19:08:49,191 | INFO | Found data for ticker: HINDALCO
2026-03-12 19:08:49,193 | INFO | Found data for ticker: HAL
2026-03-12 19:08:49,195 | INFO | Found data for ticker: HINDUNILVR
2026-03-12 19:08:49,199 | INFO | Found data for ticker: HINDZINC
2026-03-12 19:08:49,202 | INFO | Found data for ticker: HYUNDAI
2026-03-12 19:08:49,206 | INFO | Found data for ticker: ICICIBANK
2026-03-12 19:08:49,208 | INFO | Found data for ticker: ICICIGI
2026-03-12 19:08:49,210 | INFO | Found data for ticker: ITC
2026-03-12 19:08:49,211 | INFO | Found data for ticker: INDHOTEL
2026-03-12 19:08:49,214 | INFO | Found data for ticker: IOC
2026-03-12 19:08:49,216 | INFO | Found data for ticker: IRFC
2026-03-12 19:08:49,217 | INFO | Found data for ticker: NAUKRI
2026-03-12 19:08:49,218 | INFO | Found data for ticker: INFY
2026-03-12 19:08:49,218 | INFO | Found data for ticker: INDIGO
2026-03-12 19:08:49,219 | INFO | Found data for ticker: JSWENERGY
2026-03-12 19:08:49,220 | INFO | Found data for ticker: JSWSTEEL
2026-03-12 19:08:49,222 | INFO | Found data for ticker: JINDALSTEL
2026-03-12 19:08:49,224 | INFO | Found data for ticker: JIOFIN
2026-03-12 19:08:49,227 | INFO | Found data for ticker: KOTAKBANK
2026-03-12 19:08:49,232 | INFO | [Warning] No data found for ticker: LTM
2026-03-12 19:08:49,237 | INFO | Found data for ticker: LT
2026-03-12 19:08:49,240 | INFO | Found data for ticker: LICI
2026-03-12 19:08:49,243 | INFO | Found data for ticker: LODHA
2026-03-12 19:08:49,245 | INFO | Found data for ticker: M&M
2026-03-12 19:08:49,248 | INFO | Found data for ticker: MARUTI
2026-03-12 19:08:49,250 | INFO | Found data for ticker: MAXHEALTH
2026-03-12 19:08:49,252 | INFO | Found data for ticker: MAZDOCK
2026-03-12 19:08:49,254 | INFO | Found data for ticker: NTPC
2026-03-12 19:08:49,256 | INFO | Found data for ticker: NESTLEIND
2026-03-12 19:08:49,260 | INFO | Found data for ticker: ONGC
2026-03-12 19:08:49,261 | INFO | Found data for ticker: PIDILITIND
2026-03-12 19:08:49,265 | INFO | Found data for ticker: PFC
2026-03-12 19:08:49,267 | INFO | Found data for ticker: POWERGRID
2026-03-12 19:08:49,270 | INFO | Found data for ticker: PNB
2026-03-12 19:08:49,273 | INFO | Found data for ticker: RECLTD
2026-03-12 19:08:49,275 | INFO | Found data for ticker: RELIANCE
2026-03-12 19:08:49,276 | INFO | Found data for ticker: SBILIFE
2026-03-12 19:08:49,277 | INFO | Found data for ticker: MOTHERSON
2026-03-12 19:08:49,279 | INFO | Found data for ticker: SHREECEM
2026-03-12 19:08:49,281 | INFO | Found data for ticker: SHRIRAMFIN
2026-03-12 19:08:49,282 | INFO | Found data for ticker: ENRIN
2026-03-12 19:08:49,282 | INFO | Found data for ticker: SIEMENS
2026-03-12 19:08:49,283 | INFO | Found data for ticker: SOLARINDS
2026-03-12 19:08:49,285 | INFO | Found data for ticker: SBIN
2026-03-12 19:08:49,286 | INFO | Found data for ticker: SUNPHARMA
2026-03-12 19:08:49,288 | INFO | Found data for ticker: TVSMOTOR
2026-03-12 19:08:49,291 | INFO | Found data for ticker: TCS
2026-03-12 19:08:49,294 | INFO | Found data for ticker: TATACONSUM
2026-03-12 19:08:49,296 | INFO | Found data for ticker: TMPV
2026-03-12 19:08:49,298 | INFO | Found data for ticker: TATAPOWER
2026-03-12 19:08:49,300 | INFO | Found data for ticker: TATASTEEL
2026-03-12 19:08:49,302 | INFO | Found data for ticker: TECHM
2026-03-12 19:08:49,303 | INFO | Found data for ticker: TITAN
2026-03-12 19:08:49,304 | INFO | Found data for ticker: TORNTPHARM
2026-03-12 19:08:49,305 | INFO | Found data for ticker: TRENT
2026-03-12 19:08:49,305 | INFO | Found data for ticker: ULTRACEMCO
2026-03-12 19:08:49,307 | INFO | Found data for ticker: UNITDSPR
2026-03-12 19:08:49,309 | INFO | Found data for ticker: VBL
2026-03-12 19:08:49,311 | INFO | Found data for ticker: VEDL
2026-03-12 19:08:49,313 | INFO | Found data for ticker: WIPRO
2026-03-12 19:08:49,315 | INFO | Found data for ticker: ZYDUSLIFE
2026-03-12 19:08:49,316 | INFO | Starting Data Stream...
2026-03-12 19:08:55,182 | INFO | [Phase Switch] TRAIN phase starting at 2015-07-06
2026-03-12 19:08:55,188 | ERROR | Input assets 99 < Model assets 100. Crash likely.
2026-03-12 19:08:56,561 | ERROR | Input assets 99 < Model assets 100. Crash likely.
2026-03-12 19:08:57,805 | ERROR | Input assets 99 < Model assets 100. Crash likely.
2026-03-12 19:08:59,020 | ERROR | Input assets 99 < Model assets 100. Crash likely.
2026-03-12 19:08:59,857 | ERROR | Input assets 99 < Model assets 100. Crash likely.
2026-03-12 19:09:00,960 | ERROR | Input assets 99 < Model assets 100. Crash likely.
2026-03-12 19:09:01,893 | ERROR | Input assets 99 < Model assets 100. Crash likely.
2026-03-12 19:09:02,906 | ERROR | Input assets 99 < Model assets 100. Crash likely.
2026-03-12 19:09:03,954 | ERROR | Input assets 99 < Model assets 100. Crash likely.
2026-03-12 19:09:04,873 | INFO | Training interrupted by user.
2026-03-12 19:09:04,948 | INFO | Saved checkpoint to checkpoints\ckpt_step_9.pt
2026-03-12 19:09:04,949 | INFO | Session Saved. Exiting.
