2026-03-12 17:26:53,235 | INFO | Starting Session in Mode: train
2026-03-12 17:26:56,801 | INFO | Meta-Agent initialized. Input Dim: 15 (Macros=6)
2026-03-12 17:26:56,969 | INFO | [TrainerRL] Loaded 576 weekly macro records.
2026-03-12 17:26:56,971 | INFO | Found data for ticker: ABB
2026-03-12 17:26:56,972 | INFO | Found data for ticker: ADANIENSOL
2026-03-12 17:26:56,973 | INFO | Found data for ticker: ADANIENT
2026-03-12 17:26:56,974 | INFO | Found data for ticker: ADANIGREEN
2026-03-12 17:26:56,976 | INFO | Found data for ticker: ADANIPORTS
2026-03-12 17:26:56,977 | INFO | Found data for ticker: ADANIPOWER
2026-03-12 17:26:56,979 | INFO | Found data for ticker: AMBUJACEM
2026-03-12 17:26:56,980 | INFO | Found data for ticker: APOLLOHOSP
2026-03-12 17:26:56,982 | INFO | Found data for ticker: ASIANPAINT
2026-03-12 17:26:56,984 | INFO | Found data for ticker: DMART
2026-03-12 17:26:56,985 | INFO | Found data for ticker: AXISBANK
2026-03-12 17:26:56,987 | INFO | Found data for ticker: BAJAJ-AUTO
2026-03-12 17:26:56,988 | INFO | Found data for ticker: BAJFINANCE
2026-03-12 17:26:56,989 | INFO | Found data for ticker: BAJAJFINSV
2026-03-12 17:26:56,990 | INFO | Found data for ticker: BAJAJHLDNG
2026-03-12 17:26:56,991 | INFO | Found data for ticker: BAJAJHFL
2026-03-12 17:26:56,993 | INFO | Found data for ticker: BANKBARODA
2026-03-12 17:26:56,994 | INFO | Found data for ticker: BEL
2026-03-12 17:26:56,995 | INFO | Found data for ticker: BPCL
2026-03-12 17:26:56,996 | INFO | Found data for ticker: BHARTIARTL
2026-03-12 17:26:56,997 | INFO | Found data for ticker: BOSCHLTD
2026-03-12 17:26:56,999 | INFO | Found data for ticker: BRITANNIA
2026-03-12 17:26:57,001 | INFO | Found data for ticker: CGPOWER
2026-03-12 17:26:57,002 | INFO | Found data for ticker: CANBK
2026-03-12 17:26:57,003 | INFO | Found data for ticker: CHOLAFIN
2026-03-12 17:26:57,006 | INFO | Found data for ticker: CIPLA
2026-03-12 17:26:57,008 | INFO | Found data for ticker: COALINDIA
2026-03-12 17:26:57,010 | INFO | Found data for ticker: DLF
2026-03-12 17:26:57,011 | INFO | Found data for ticker: DIVISLAB
2026-03-12 17:26:57,012 | INFO | Found data for ticker: DRREDDY
2026-03-12 17:26:57,014 | INFO | Found data for ticker: EICHERMOT
2026-03-12 17:26:57,017 | INFO | Found data for ticker: ETERNAL
2026-03-12 17:26:57,019 | INFO | Found data for ticker: GAIL
2026-03-12 17:26:57,021 | INFO | Found data for ticker: GODREJCP
2026-03-12 17:26:57,023 | INFO | Found data for ticker: GRASIM
2026-03-12 17:26:57,025 | INFO | Found data for ticker: HCLTECH
2026-03-12 17:26:57,027 | INFO | Found data for ticker: HDFCBANK
2026-03-12 17:26:57,029 | INFO | Found data for ticker: HDFCLIFE
2026-03-12 17:26:57,031 | INFO | Found data for ticker: HAVELLS
2026-03-12 17:26:57,031 | INFO | Found data for ticker: HINDALCO
2026-03-12 17:26:57,032 | INFO | Found data for ticker: HAL
2026-03-12 17:26:57,035 | INFO | Found data for ticker: HINDUNILVR
2026-03-12 17:26:57,036 | INFO | Found data for ticker: HINDZINC
2026-03-12 17:26:57,038 | INFO | Found data for ticker: HYUNDAI
2026-03-12 17:26:57,039 | INFO | Found data for ticker: ICICIBANK
2026-03-12 17:26:57,041 | INFO | Found data for ticker: ICICIGI
2026-03-12 17:26:57,042 | INFO | Found data for ticker: ITC
2026-03-12 17:26:57,043 | INFO | Found data for ticker: INDHOTEL
2026-03-12 17:26:57,044 | INFO | Found data for ticker: IOC
2026-03-12 17:26:57,044 | INFO | Found data for ticker: IRFC
2026-03-12 17:26:57,046 | INFO | Found data for ticker: NAUKRI
2026-03-12 17:26:57,047 | INFO | Found data for ticker: INFY
2026-03-12 17:26:57,048 | INFO | Found data for ticker: INDIGO
2026-03-12 17:26:57,049 | INFO | Found data for ticker: JSWENERGY
2026-03-12 17:26:57,050 | INFO | Found data for ticker: JSWSTEEL
2026-03-12 17:26:57,050 | INFO | Found data for ticker: JINDALSTEL
2026-03-12 17:26:57,051 | INFO | Found data for ticker: JIOFIN
2026-03-12 17:26:57,052 | INFO | Found data for ticker: KOTAKBANK
2026-03-12 17:26:57,054 | INFO | [Warning] No data found for ticker: LTM
2026-03-12 17:26:57,056 | INFO | Found data for ticker: LT
2026-03-12 17:26:57,057 | INFO | Found data for ticker: LICI
2026-03-12 17:26:57,058 | INFO | Found data for ticker: LODHA
2026-03-12 17:26:57,059 | INFO | Found data for ticker: M&M
2026-03-12 17:26:57,061 | INFO | Found data for ticker: MARUTI
2026-03-12 17:26:57,062 | INFO | Found data for ticker: MAXHEALTH
2026-03-12 17:26:57,064 | INFO | Found data for ticker: MAZDOCK
2026-03-12 17:26:57,066 | INFO | Found data for ticker: NTPC
2026-03-12 17:26:57,067 | INFO | Found data for ticker: NESTLEIND
2026-03-12 17:26:57,068 | INFO | Found data for ticker: ONGC
2026-03-12 17:26:57,070 | INFO | Found data for ticker: PIDILITIND
2026-03-12 17:26:57,072 | INFO | Found data for ticker: PFC
2026-03-12 17:26:57,073 | INFO | Found data for ticker: POWERGRID
2026-03-12 17:26:57,075 | INFO | Found data for ticker: PNB
2026-03-12 17:26:57,077 | INFO | Found data for ticker: RECLTD
2026-03-12 17:26:57,079 | INFO | Found data for ticker: RELIANCE
2026-03-12 17:26:57,081 | INFO | Found data for ticker: SBILIFE
2026-03-12 17:26:57,082 | INFO | Found data for ticker: MOTHERSON
2026-03-12 17:26:57,084 | INFO | Found data for ticker: SHREECEM
2026-03-12 17:26:57,085 | INFO | Found data for ticker: SHRIRAMFIN
2026-03-12 17:26:57,086 | INFO | Found data for ticker: ENRIN
2026-03-12 17:26:57,088 | INFO | Found data for ticker: SIEMENS
2026-03-12 17:26:57,089 | INFO | Found data for ticker: SOLARINDS
2026-03-12 17:26:57,090 | INFO | Found data for ticker: SBIN
2026-03-12 17:26:57,093 | INFO | Found data for ticker: SUNPHARMA
2026-03-12 17:26:57,095 | INFO | Found data for ticker: TVSMOTOR
2026-03-12 17:26:57,097 | INFO | Found data for ticker: TCS
2026-03-12 17:26:57,099 | INFO | Found data for ticker: TATACONSUM
2026-03-12 17:26:57,101 | INFO | Found data for ticker: TMPV
2026-03-12 17:26:57,103 | INFO | Found data for ticker: TATAPOWER
2026-03-12 17:26:57,105 | INFO | Found data for ticker: TATASTEEL
2026-03-12 17:26:57,106 | INFO | Found data for ticker: TECHM
2026-03-12 17:26:57,106 | INFO | Found data for ticker: TITAN
2026-03-12 17:26:57,108 | INFO | Found data for ticker: TORNTPHARM
2026-03-12 17:26:57,108 | INFO | Found data for ticker: TRENT
2026-03-12 17:26:57,109 | INFO | Found data for ticker: ULTRACEMCO
2026-03-12 17:26:57,110 | INFO | Found data for ticker: UNITDSPR
2026-03-12 17:26:57,110 | INFO | Found data for ticker: VBL
2026-03-12 17:26:57,111 | INFO | Found data for ticker: VEDL
2026-03-12 17:26:57,112 | INFO | Found data for ticker: WIPRO
2026-03-12 17:26:57,113 | INFO | Found data for ticker: ZYDUSLIFE
2026-03-12 17:26:57,113 | INFO | Starting Data Stream...
2026-03-12 17:27:02,155 | INFO | [Phase Switch] TRAIN phase starting at 2015-07-06
2026-03-12 17:27:02,161 | ERROR | Input assets 99 < Model assets 100. Crash likely.
2026-03-12 17:27:03,594 | ERROR | Input assets 99 < Model assets 100. Crash likely.
2026-03-12 17:27:05,531 | ERROR | Input assets 99 < Model assets 100. Crash likely.
2026-03-12 17:27:07,016 | ERROR | Input assets 99 < Model assets 100. Crash likely.
2026-03-12 17:27:08,317 | ERROR | Input assets 99 < Model assets 100. Crash likely.
2026-03-12 17:27:09,840 | ERROR | Input assets 99 < Model assets 100. Crash likely.
2026-03-12 17:27:11,412 | ERROR | Input assets 99 < Model assets 100. Crash likely.
2026-03-12 17:27:11,773 | INFO | Training interrupted by user.
2026-03-12 17:27:11,843 | INFO | Saved checkpoint to checkpoints\ckpt_step_6.pt
2026-03-12 17:27:11,844 | INFO | Session Saved. Exiting.
