2026-03-12 19:14:12,675 | INFO | Starting Session in Mode: train
2026-03-12 19:14:28,598 | INFO | Meta-Agent initialized. Input Dim: 15 (Macros=6)
2026-03-12 19:14:29,549 | INFO | [TrainerRL] Loaded 576 weekly macro records.
2026-03-12 19:14:29,555 | INFO | Found data for ticker: ABB
2026-03-12 19:14:29,558 | INFO | Found data for ticker: ADANIENSOL
2026-03-12 19:14:29,564 | INFO | Found data for ticker: ADANIENT
2026-03-12 19:14:29,567 | INFO | Found data for ticker: ADANIGREEN
2026-03-12 19:14:29,570 | INFO | Found data for ticker: ADANIPORTS
2026-03-12 19:14:29,572 | INFO | Found data for ticker: ADANIPOWER
2026-03-12 19:14:29,573 | INFO | Found data for ticker: AMBUJACEM
2026-03-12 19:14:29,574 | INFO | Found data for ticker: APOLLOHOSP
2026-03-12 19:14:29,582 | INFO | Found data for ticker: ASIANPAINT
2026-03-12 19:14:29,587 | INFO | Found data for ticker: DMART
2026-03-12 19:14:29,590 | INFO | Found data for ticker: AXISBANK
2026-03-12 19:14:29,595 | INFO | Found data for ticker: BAJAJ-AUTO
2026-03-12 19:14:29,601 | INFO | Found data for ticker: BAJFINANCE
2026-03-12 19:14:29,612 | INFO | Found data for ticker: BAJAJFINSV
2026-03-12 19:14:29,620 | INFO | Found data for ticker: BAJAJHLDNG
2026-03-12 19:14:29,623 | INFO | Found data for ticker: BAJAJHFL
2026-03-12 19:14:29,626 | INFO | Found data for ticker: BANKBARODA
2026-03-12 19:14:29,630 | INFO | Found data for ticker: BEL
2026-03-12 19:14:29,633 | INFO | Found data for ticker: BPCL
2026-03-12 19:14:29,638 | INFO | Found data for ticker: BHARTIARTL
2026-03-12 19:14:29,641 | INFO | Found data for ticker: BOSCHLTD
2026-03-12 19:14:29,644 | INFO | Found data for ticker: BRITANNIA
2026-03-12 19:14:29,646 | INFO | Found data for ticker: CGPOWER
2026-03-12 19:14:29,650 | INFO | Found data for ticker: CANBK
2026-03-12 19:14:29,654 | INFO | Found data for ticker: CHOLAFIN
2026-03-12 19:14:29,659 | INFO | Found data for ticker: CIPLA
2026-03-12 19:14:29,663 | INFO | Found data for ticker: COALINDIA
2026-03-12 19:14:29,666 | INFO | Found data for ticker: DLF
2026-03-12 19:14:29,668 | INFO | Found data for ticker: DIVISLAB
2026-03-12 19:14:29,671 | INFO | Found data for ticker: DRREDDY
2026-03-12 19:14:29,677 | INFO | Found data for ticker: EICHERMOT
2026-03-12 19:14:29,690 | INFO | Found data for ticker: ETERNAL
2026-03-12 19:14:29,699 | INFO | Found data for ticker: GAIL
2026-03-12 19:14:29,703 | INFO | Found data for ticker: GODREJCP
2026-03-12 19:14:29,705 | INFO | Found data for ticker: GRASIM
2026-03-12 19:14:29,713 | INFO | Found data for ticker: HCLTECH
2026-03-12 19:14:29,719 | INFO | Found data for ticker: HDFCBANK
2026-03-12 19:14:29,722 | INFO | Found data for ticker: HDFCLIFE
2026-03-12 19:14:29,724 | INFO | Found data for ticker: HAVELLS
2026-03-12 19:14:29,727 | INFO | Found data for ticker: HINDALCO
2026-03-12 19:14:29,730 | INFO | Found data for ticker: HAL
2026-03-12 19:14:29,733 | INFO | Found data for ticker: HINDUNILVR
2026-03-12 19:14:29,738 | INFO | Found data for ticker: HINDZINC
2026-03-12 19:14:29,742 | INFO | Found data for ticker: HYUNDAI
2026-03-12 19:14:29,749 | INFO | Found data for ticker: ICICIBANK
2026-03-12 19:14:29,764 | INFO | Found data for ticker: ICICIGI
2026-03-12 19:14:29,768 | INFO | Found data for ticker: ITC
2026-03-12 19:14:29,769 | INFO | Found data for ticker: INDHOTEL
2026-03-12 19:14:29,775 | INFO | Found data for ticker: IOC
2026-03-12 19:14:29,777 | INFO | Found data for ticker: IRFC
2026-03-12 19:14:29,781 | INFO | Found data for ticker: NAUKRI
2026-03-12 19:14:29,784 | INFO | Found data for ticker: INFY
2026-03-12 19:14:29,788 | INFO | Found data for ticker: INDIGO
2026-03-12 19:14:29,791 | INFO | Found data for ticker: JSWENERGY
2026-03-12 19:14:29,794 | INFO | Found data for ticker: JSWSTEEL
2026-03-12 19:14:29,797 | INFO | Found data for ticker: JINDALSTEL
2026-03-12 19:14:29,800 | INFO | Found data for ticker: JIOFIN
2026-03-12 19:14:29,803 | INFO | Found data for ticker: KOTAKBANK
2026-03-12 19:14:29,809 | INFO | Found data for ticker: LT
2026-03-12 19:14:29,810 | INFO | Found data for ticker: LICI
2026-03-12 19:14:29,813 | INFO | Found data for ticker: LODHA
2026-03-12 19:14:29,816 | INFO | Found data for ticker: M&M
2026-03-12 19:14:29,818 | INFO | Found data for ticker: MARUTI
2026-03-12 19:14:29,821 | INFO | Found data for ticker: MAXHEALTH
2026-03-12 19:14:29,822 | INFO | Found data for ticker: MAZDOCK
2026-03-12 19:14:29,827 | INFO | Found data for ticker: NTPC
2026-03-12 19:14:29,831 | INFO | Found data for ticker: NESTLEIND
2026-03-12 19:14:29,833 | INFO | Found data for ticker: ONGC
2026-03-12 19:14:29,835 | INFO | Found data for ticker: PIDILITIND
2026-03-12 19:14:29,838 | INFO | Found data for ticker: PFC
2026-03-12 19:14:29,843 | INFO | Found data for ticker: POWERGRID
2026-03-12 19:14:29,847 | INFO | Found data for ticker: PNB
2026-03-12 19:14:29,850 | INFO | Found data for ticker: RECLTD
2026-03-12 19:14:29,854 | INFO | Found data for ticker: RELIANCE
2026-03-12 19:14:29,855 | INFO | Found data for ticker: SBILIFE
2026-03-12 19:14:29,859 | INFO | Found data for ticker: MOTHERSON
2026-03-12 19:14:29,862 | INFO | Found data for ticker: SHREECEM
2026-03-12 19:14:29,866 | INFO | Found data for ticker: SHRIRAMFIN
2026-03-12 19:14:29,873 | INFO | Found data for ticker: ENRIN
2026-03-12 19:14:29,876 | INFO | Found data for ticker: SIEMENS
2026-03-12 19:14:29,880 | INFO | Found data for ticker: SOLARINDS
2026-03-12 19:14:29,883 | INFO | Found data for ticker: SBIN
2026-03-12 19:14:29,887 | INFO | Found data for ticker: SUNPHARMA
2026-03-12 19:14:29,895 | INFO | Found data for ticker: TVSMOTOR
2026-03-12 19:14:29,899 | INFO | Found data for ticker: TCS
2026-03-12 19:14:29,902 | INFO | Found data for ticker: TATACONSUM
2026-03-12 19:14:29,905 | INFO | Found data for ticker: TMPV
2026-03-12 19:14:29,908 | INFO | Found data for ticker: TATAPOWER
2026-03-12 19:14:29,911 | INFO | Found data for ticker: TATASTEEL
2026-03-12 19:14:29,912 | INFO | Found data for ticker: TECHM
2026-03-12 19:14:29,915 | INFO | Found data for ticker: TITAN
2026-03-12 19:14:29,918 | INFO | Found data for ticker: TORNTPHARM
2026-03-12 19:14:29,921 | INFO | Found data for ticker: TRENT
2026-03-12 19:14:29,930 | INFO | Found data for ticker: ULTRACEMCO
2026-03-12 19:14:29,934 | INFO | Found data for ticker: UNITDSPR
2026-03-12 19:14:29,936 | INFO | Found data for ticker: VBL
2026-03-12 19:14:29,946 | INFO | Found data for ticker: VEDL
2026-03-12 19:14:29,949 | INFO | Found data for ticker: WIPRO
2026-03-12 19:14:29,959 | INFO | Found data for ticker: ZYDUSLIFE
2026-03-12 19:14:29,963 | INFO | Starting Data Stream...
2026-03-12 19:14:43,403 | INFO | [Phase Switch] TRAIN phase starting at 2015-07-06
2026-03-12 19:14:49,930 | INFO | Training interrupted by user.
2026-03-12 19:14:50,130 | INFO | Saved checkpoint to checkpoints\ckpt_step_3.pt
2026-03-12 19:14:50,131 | INFO | Session Saved. Exiting.
